Component: ARM Compiler 5.06 update 1 (build 61) Tool: armlink [4d35a8]

==============================================================================

Section Cross References

    main.o(i.Sensor_Read) refers to mpu9250.o(i.MPU9250_Read_Pre) for MPU9250_Read_Pre
    main.o(i.Sensor_Read) refers to mse5611.o(i.Single_Read_Temp) for Single_Read_Temp
    main.o(i.Sensor_Read) refers to mse5611.o(i.ReadPressure_Pre) for ReadPressure_Pre
    main.o(i.Sensor_Read) refers to mpu9250.o(i.MPU9250_Read) for MPU9250_Read
    main.o(i.Sensor_Read) refers to fflti.o(.text) for __aeabi_i2f
    main.o(i.Sensor_Read) refers to dflti.o(.text) for __aeabi_i2d
    main.o(i.Sensor_Read) refers to dmul.o(.text) for __aeabi_dmul
    main.o(i.Sensor_Read) refers to d2f.o(.text) for __aeabi_d2f
    main.o(i.Sensor_Read) refers to mahonyahrs.o(i.Mahony_update) for Mahony_update
    main.o(i.Sensor_Read) refers to mahonyahrs.o(i.Mahony_computeAngles) for Mahony_computeAngles
    main.o(i.Sensor_Read) refers to mse5611.o(i.ReadPressure) for ReadPressure
    main.o(i.Sensor_Read) refers to mse5611.o(i.Pressure_Caculate) for Pressure_Caculate
    main.o(i.Sensor_Read) refers to mpu9250.o(.data) for Mag
    main.o(i.main) refers to bsp.o(i.InitSystem) for InitSystem
    main.o(i.main) refers to mahonyahrs.o(i.Mahony_Init) for Mahony_Init
    main.o(i.main) refers to 5110.o(i.LCD_clear) for LCD_clear
    main.o(i.main) refers to main.o(i.Sensor_Read) for Sensor_Read
    main.o(i.main) refers to mahonyahrs.o(i.getRoll) for getRoll
    main.o(i.main) refers to f2d.o(.text) for __aeabi_f2d
    main.o(i.main) refers to printfa.o(i.__0sprintf) for __2sprintf
    main.o(i.main) refers to 5110.o(i.LCD_E_Str) for LCD_E_Str
    main.o(i.main) refers to mahonyahrs.o(i.getPitch) for getPitch
    main.o(i.main) refers to mahonyahrs.o(i.getYaw) for getYaw
    main.o(i.main) refers to mse5611.o(.data) for Height
    system_stm32f0xx.o(i.SystemCoreClockUpdate) refers to uidiv.o(.text) for __aeabi_uidivmod
    system_stm32f0xx.o(i.SystemCoreClockUpdate) refers to system_stm32f0xx.o(.data) for .data
    system_stm32f0xx.o(i.SystemInit) refers to system_stm32f0xx.o(i.SetSysClock) for SetSysClock
    bsp.o(i.Alive_LED) refers to stm32f0xx_gpio.o(i.GPIO_ReadOutputDataBit) for GPIO_ReadOutputDataBit
    bsp.o(i.Alive_LED) refers to stm32f0xx_gpio.o(i.GPIO_ResetBits) for GPIO_ResetBits
    bsp.o(i.Alive_LED) refers to stm32f0xx_gpio.o(i.GPIO_SetBits) for GPIO_SetBits
    bsp.o(i.Alive_LED) refers to bsp.o(.data) for .data
    bsp.o(i.InitGPIO) refers to stm32f0xx_gpio.o(i.GPIO_PinAFConfig) for GPIO_PinAFConfig
    bsp.o(i.InitGPIO) refers to stm32f0xx_gpio.o(i.GPIO_Init) for GPIO_Init
    bsp.o(i.InitGPIO) refers to stm32f0xx_gpio.o(i.GPIO_ResetBits) for GPIO_ResetBits
    bsp.o(i.InitSystem) refers to stm32f0xx_rcc.o(i.RCC_AHBPeriphClockCmd) for RCC_AHBPeriphClockCmd
    bsp.o(i.InitSystem) refers to stm32f0xx_rcc.o(i.RCC_APB1PeriphClockCmd) for RCC_APB1PeriphClockCmd
    bsp.o(i.InitSystem) refers to stm32f0xx_rcc.o(i.RCC_I2CCLKConfig) for RCC_I2CCLKConfig
    bsp.o(i.InitSystem) refers to stm32f0xx_rcc.o(i.RCC_APB2PeriphClockCmd) for RCC_APB2PeriphClockCmd
    bsp.o(i.InitSystem) refers to bsp.o(i.InitGPIO) for InitGPIO
    bsp.o(i.InitSystem) refers to stm32f0xx_spi.o(i.SPI_Init) for SPI_Init
    bsp.o(i.InitSystem) refers to stm32f0xx_spi.o(i.SPI_RxFIFOThresholdConfig) for SPI_RxFIFOThresholdConfig
    bsp.o(i.InitSystem) refers to stm32f0xx_spi.o(i.SPI_Cmd) for SPI_Cmd
    bsp.o(i.InitSystem) refers to stm32f0xx_i2c.o(i.I2C_Init) for I2C_Init
    bsp.o(i.InitSystem) refers to stm32f0xx_i2c.o(i.I2C_Cmd) for I2C_Cmd
    bsp.o(i.InitSystem) refers to bsp.o(i.PWM_Config) for PWM_Config
    bsp.o(i.InitSystem) refers to bsp.o(i.MPU6050_TimerInit) for MPU6050_TimerInit
    bsp.o(i.InitSystem) refers to mpu9250.o(i.Init_MPU9250) for Init_MPU9250
    bsp.o(i.InitSystem) refers to mse5611.o(i.MSE5611_Config) for MSE5611_Config
    bsp.o(i.InitSystem) refers to 5110.o(i.LCD_init) for LCD_init
    bsp.o(i.MPU6050_TimerInit) refers to stm32f0xx_tim.o(i.TIM_TimeBaseInit) for TIM_TimeBaseInit
    bsp.o(i.PWM_Config) refers to uidiv.o(.text) for __aeabi_uidivmod
    bsp.o(i.PWM_Config) refers to stm32f0xx_tim.o(i.TIM_TimeBaseInit) for TIM_TimeBaseInit
    bsp.o(i.PWM_Config) refers to dfltui.o(.text) for __aeabi_ui2d
    bsp.o(i.PWM_Config) refers to dmul.o(.text) for __aeabi_dmul
    bsp.o(i.PWM_Config) refers to dfixui.o(.text) for __aeabi_d2uiz
    bsp.o(i.PWM_Config) refers to stm32f0xx_tim.o(i.TIM_OC1Init) for TIM_OC1Init
    bsp.o(i.PWM_Config) refers to stm32f0xx_tim.o(i.TIM_OC2Init) for TIM_OC2Init
    bsp.o(i.PWM_Config) refers to stm32f0xx_tim.o(i.TIM_OC3Init) for TIM_OC3Init
    bsp.o(i.PWM_Config) refers to dscalb.o(.text) for __ARM_scalbn
    bsp.o(i.PWM_Config) refers to stm32f0xx_tim.o(i.TIM_OC4Init) for TIM_OC4Init
[...]
    funder.o(i.__mathlib_flt_posinfnan) refers to fmul.o(.text) for __aeabi_fmul
    funder.o(i.__mathlib_flt_underflow) refers to fscalb.o(.text) for __ARM_scalbnf
    poly.o(i.__kernel_poly) refers (Special) to iusefp.o(.text) for __I$use$fp
    poly.o(i.__kernel_poly) refers to dmul.o(.text) for __aeabi_dmul
    poly.o(i.__kernel_poly) refers to dadd.o(.text) for __aeabi_dadd
    qnan.o(.constdata) refers (Special) to iusefp.o(.text) for __I$use$fp
    sqrt.o(i.__softfp_sqrt) refers (Special) to iusefp.o(.text) for __I$use$fp
    sqrt.o(i.__softfp_sqrt) refers to dsqrt.o(.text) for _dsqrt
    sqrt.o(i.__softfp_sqrt) refers to errno.o(i.__set_errno) for __set_errno
    sqrt.o(i.sqrt) refers (Special) to iusefp.o(.text) for __I$use$fp
    sqrt.o(i.sqrt) refers to dsqrt.o(.text) for _dsqrt
    sqrt.o(i.sqrt) refers to errno.o(i.__set_errno) for __set_errno
    sqrt_x.o(i.____softfp_sqrt$lsc) refers (Special) to iusefp.o(.text) for __I$use$fp
    sqrt_x.o(i.____softfp_sqrt$lsc) refers to cdcmple.o(.text) for __aeabi_cdcmple
    sqrt_x.o(i.____softfp_sqrt$lsc) refers to errno.o(i.__set_errno) for __set_errno
    sqrt_x.o(i.____softfp_sqrt$lsc) refers to dsqrt.o(.text) for _dsqrt
    sqrt_x.o(i.__sqrt$lsc) refers (Special) to iusefp.o(.text) for __I$use$fp
    sqrt_x.o(i.__sqrt$lsc) refers to cdcmple.o(.text) for __aeabi_cdcmple
    sqrt_x.o(i.__sqrt$lsc) refers to errno.o(i.__set_errno) for __set_errno
    sqrt_x.o(i.__sqrt$lsc) refers to dsqrt.o(.text) for _dsqrt
    entry2.o(.ARM.Collect$$$$00000001) refers to entry2.o(.ARM.Collect$$$$00002712) for __lit__00000000
    entry2.o(.ARM.Collect$$$$00002712) refers to startup_stm32f0xx.o(STACK) for __initial_sp
    entry2.o(__vectab_stack_and_reset_area) refers to startup_stm32f0xx.o(STACK) for __initial_sp
    entry2.o(__vectab_stack_and_reset_area) refers to entry.o(.ARM.Collect$$$$00000000) for __main
    entry5.o(.ARM.Collect$$$$00000004) refers to init.o(.text) for __scatterload
    entry9a.o(.ARM.Collect$$$$0000000B) refers to main.o(i.main) for main
    entry9b.o(.ARM.Collect$$$$0000000C) refers to main.o(i.main) for main
    fputc.o(i.fputc) refers (Special) to iusesemip.o(.text) for __I$use$semihosting$fputc
    fputc.o(i.fputc) refers (Special) to semi.o(.text) for __semihosting_library_function
    uldiv.o(.text) refers to llushr.o(.text) for __aeabi_llsr
    uldiv.o(.text) refers to llshl.o(.text) for __aeabi_llsl
    errno.o(i.__aeabi_errno_addr) refers to errno.o(.data) for .data
    errno.o(i.__read_errno) refers to errno.o(.data) for .data
    errno.o(i.__set_errno) refers to errno.o(.data) for .data
    fsqrt.o(.text) refers to fepilogue.o(.text) for _float_round
    depilogue.o(.text) refers to depilogue.o(i.__ARM_clz) for __ARM_clz
    depilogue.o(.text) refers to llshl.o(.text) for __aeabi_llsl
    depilogue.o(.text) refers to llushr.o(.text) for __aeabi_llsr
    dfixul.o(.text) refers to llushr.o(.text) for __aeabi_llsr
    dfixul.o(.text) refers to llshl.o(.text) for __aeabi_llsl
    init.o(.text) refers to entry5.o(.ARM.Collect$$$$00000004) for __main_after_scatterload
    dsqrt.o(.text) refers to llushr.o(.text) for __aeabi_llsr
    dsqrt.o(.text) refers to depilogue.o(.text) for _double_round


==============================================================================

Removing Unused input sections from the image.

    Removing main.o(.rev16_text), (4 bytes).
    Removing main.o(.revsh_text), (4 bytes).
    Removing stm32f0xx_it.o(.rev16_text), (4 bytes).
    Removing stm32f0xx_it.o(.revsh_text), (4 bytes).
    Removing system_stm32f0xx.o(.rev16_text), (4 bytes).
    Removing system_stm32f0xx.o(.revsh_text), (4 bytes).
    Removing system_stm32f0xx.o(i.SystemCoreClockUpdate), (108 bytes).
    Removing bsp.o(.rev16_text), (4 bytes).
    Removing bsp.o(.revsh_text), (4 bytes).
    Removing bsp.o(i.Alive_LED), (60 bytes).
    Removing bsp.o(i.sTick), (76 bytes).
    Removing bsp.o(.data), (1 bytes).
    Removing i2c_libary.o(.rev16_text), (4 bytes).
    Removing i2c_libary.o(.revsh_text), (4 bytes).
    Removing i2c_libary.o(i.I2C_WriteRegBytes_1), (136 bytes).
    Removing i2c_libary.o(.bss), (12 bytes).
    Removing stm32f0xx_gpio.o(.rev16_text), (4 bytes).
    Removing stm32f0xx_gpio.o(.revsh_text), (4 bytes).
    Removing stm32f0xx_gpio.o(i.GPIO_DeInit), (112 bytes).
    Removing stm32f0xx_gpio.o(i.GPIO_PinLockConfig), (26 bytes).
    Removing stm32f0xx_gpio.o(i.GPIO_ReadInputData), (4 bytes).
    Removing stm32f0xx_gpio.o(i.GPIO_ReadInputDataBit), (14 bytes).
    Removing stm32f0xx_gpio.o(i.GPIO_ReadOutputData), (4 bytes).
    Removing stm32f0xx_gpio.o(i.GPIO_ReadOutputDataBit), (14 bytes).
    Removing stm32f0xx_gpio.o(i.GPIO_StructInit), (24 bytes).
    Removing stm32f0xx_gpio.o(i.GPIO_Write), (4 bytes).
    Removing stm32f0xx_gpio.o(i.GPIO_WriteBit), (12 bytes).
    Removing stm32f0xx_rcc.o(.rev16_text), (4 bytes).
    Removing stm32f0xx_rcc.o(.revsh_text), (4 bytes).
    Removing stm32f0xx_rcc.o(i.RCC_ADCCLKConfig), (44 bytes).
    Removing stm32f0xx_rcc.o(i.RCC_AHBPeriphResetCmd), (24 bytes).
    Removing stm32f0xx_rcc.o(i.RCC_APB1PeriphResetCmd), (24 bytes).
    Removing stm32f0xx_rcc.o(i.RCC_APB2PeriphResetCmd), (24 bytes).
    Removing stm32f0xx_rcc.o(i.RCC_AdjustHSI14CalibrationValue), (20 bytes).
    Removing stm32f0xx_rcc.o(i.RCC_AdjustHSICalibrationValue), (20 bytes).
    Removing stm32f0xx_rcc.o(i.RCC_BackupResetCmd), (28 bytes).
    Removing stm32f0xx_rcc.o(i.RCC_CECCLKConfig), (24 bytes).
    Removing stm32f0xx_rcc.o(i.RCC_ClearFlag), (20 bytes).
    Removing stm32f0xx_rcc.o(i.RCC_ClearITPendingBit), (12 bytes).
    Removing stm32f0xx_rcc.o(i.RCC_ClockSecuritySystemCmd), (28 bytes).
    Removing stm32f0xx_rcc.o(i.RCC_DeInit), (92 bytes).
    Removing stm32f0xx_rcc.o(i.RCC_GetClocksFreq), (376 bytes).
    Removing stm32f0xx_rcc.o(i.RCC_GetFlagStatus), (52 bytes).
    Removing stm32f0xx_rcc.o(i.RCC_GetITStatus), (20 bytes).
    Removing stm32f0xx_rcc.o(i.RCC_GetSYSCLKSource), (16 bytes).
    Removing stm32f0xx_rcc.o(i.RCC_HCLKConfig), (20 bytes).
    Removing stm32f0xx_rcc.o(i.RCC_HSEConfig), (16 bytes).
    Removing stm32f0xx_rcc.o(i.RCC_HSI14ADCRequestCmd), (24 bytes).
    Removing stm32f0xx_rcc.o(i.RCC_HSI14Cmd), (28 bytes).
    Removing stm32f0xx_rcc.o(i.RCC_HSI48Cmd), (28 bytes).
    Removing stm32f0xx_rcc.o(i.RCC_HSICmd), (28 bytes).
    Removing stm32f0xx_rcc.o(i.RCC_ITConfig), (24 bytes).
    Removing stm32f0xx_rcc.o(i.RCC_LSEConfig), (32 bytes).
    Removing stm32f0xx_rcc.o(i.RCC_LSEDriveConfig), (24 bytes).
    Removing stm32f0xx_rcc.o(i.RCC_LSICmd), (28 bytes).
    Removing stm32f0xx_rcc.o(i.RCC_MCOConfig), (12 bytes).
    Removing stm32f0xx_rcc.o(i.RCC_PCLKConfig), (20 bytes).
    Removing stm32f0xx_rcc.o(i.RCC_PLLCmd), (28 bytes).
    Removing stm32f0xx_rcc.o(i.RCC_PLLConfig), (28 bytes).
    Removing stm32f0xx_rcc.o(i.RCC_PREDIV1Config), (20 bytes).
    Removing stm32f0xx_rcc.o(i.RCC_RTCCLKCmd), (28 bytes).
    Removing stm32f0xx_rcc.o(i.RCC_RTCCLKConfig), (16 bytes).
    Removing stm32f0xx_rcc.o(i.RCC_SYSCLKConfig), (20 bytes).
    Removing stm32f0xx_rcc.o(i.RCC_USARTCLKConfig), (48 bytes).
    Removing stm32f0xx_rcc.o(i.RCC_USBCLKConfig), (24 bytes).
    Removing stm32f0xx_rcc.o(i.RCC_WaitForHSEStartUp), (44 bytes).
    Removing stm32f0xx_rcc.o(.data), (16 bytes).
    Removing stm32f0xx_dma.o(.rev16_text), (4 bytes).
    Removing stm32f0xx_dma.o(.revsh_text), (4 bytes).
    Removing stm32f0xx_dma.o(i.DMA_ClearFlag), (24 bytes).
    Removing stm32f0xx_dma.o(i.DMA_ClearITPendingBit), (24 bytes).
    Removing stm32f0xx_dma.o(i.DMA_Cmd), (24 bytes).
    Removing stm32f0xx_dma.o(i.DMA_DeInit), (192 bytes).
    Removing stm32f0xx_dma.o(i.DMA_GetCurrDataCounter), (6 bytes).
    Removing stm32f0xx_dma.o(i.DMA_GetFlagStatus), (32 bytes).
    Removing stm32f0xx_dma.o(i.DMA_GetITStatus), (32 bytes).
    Removing stm32f0xx_dma.o(i.DMA_ITConfig), (16 bytes).
    Removing stm32f0xx_dma.o(i.DMA_Init), (60 bytes).
    Removing stm32f0xx_dma.o(i.DMA_RemapConfig), (30 bytes).
    Removing stm32f0xx_dma.o(i.DMA_SetCurrDataCounter), (4 bytes).
    Removing stm32f0xx_dma.o(i.DMA_StructInit), (26 bytes).
    Removing stm32f0xx_i2c.o(.rev16_text), (4 bytes).
    Removing stm32f0xx_i2c.o(.revsh_text), (4 bytes).
    Removing stm32f0xx_i2c.o(i.I2C_10BitAddressHeaderCmd), (20 bytes).
    Removing stm32f0xx_i2c.o(i.I2C_10BitAddressingModeCmd), (20 bytes).
    Removing stm32f0xx_i2c.o(i.I2C_AcknowledgeConfig), (20 bytes).
    Removing stm32f0xx_i2c.o(i.I2C_AutoEndCmd), (20 bytes).
    Removing stm32f0xx_i2c.o(i.I2C_CalculatePEC), (20 bytes).
    Removing stm32f0xx_i2c.o(i.I2C_ClearFlag), (4 bytes).
    Removing stm32f0xx_i2c.o(i.I2C_ClearITPendingBit), (4 bytes).
    Removing stm32f0xx_i2c.o(i.I2C_ClockTimeoutCmd), (20 bytes).
    Removing stm32f0xx_i2c.o(i.I2C_DMACmd), (16 bytes).
    Removing stm32f0xx_i2c.o(i.I2C_DeInit), (40 bytes).
    Removing stm32f0xx_i2c.o(i.I2C_DualAddressCmd), (20 bytes).
    Removing stm32f0xx_i2c.o(i.I2C_ExtendedClockTimeoutCmd), (22 bytes).
    Removing stm32f0xx_i2c.o(i.I2C_GeneralCallCmd), (20 bytes).
    Removing stm32f0xx_i2c.o(i.I2C_GenerateSTART), (20 bytes).
    Removing stm32f0xx_i2c.o(i.I2C_GenerateSTOP), (20 bytes).
    Removing stm32f0xx_i2c.o(i.I2C_GetAddressMatched), (10 bytes).
    Removing stm32f0xx_i2c.o(i.I2C_GetITStatus), (48 bytes).
    Removing stm32f0xx_i2c.o(i.I2C_GetPEC), (6 bytes).
    Removing stm32f0xx_i2c.o(i.I2C_GetTransferDirection), (18 bytes).
    Removing stm32f0xx_i2c.o(i.I2C_ITConfig), (16 bytes).
    Removing stm32f0xx_i2c.o(i.I2C_IdleClockTimeoutCmd), (20 bytes).
    Removing stm32f0xx_i2c.o(i.I2C_MasterRequestConfig), (20 bytes).
    Removing stm32f0xx_i2c.o(i.I2C_NumberOfBytesConfig), (16 bytes).
    Removing stm32f0xx_i2c.o(i.I2C_OwnAddress2Config), (28 bytes).
    Removing stm32f0xx_i2c.o(i.I2C_PECRequestCmd), (20 bytes).
    Removing stm32f0xx_i2c.o(i.I2C_ReadRegister), (10 bytes).
    Removing stm32f0xx_i2c.o(i.I2C_ReloadCmd), (20 bytes).
    Removing stm32f0xx_i2c.o(i.I2C_SMBusAlertCmd), (20 bytes).
    Removing stm32f0xx_i2c.o(i.I2C_SlaveAddressConfig), (16 bytes).
    Removing stm32f0xx_i2c.o(i.I2C_SlaveByteControlCmd), (20 bytes).
    Removing stm32f0xx_i2c.o(i.I2C_SoftwareResetCmd), (20 bytes).
    Removing stm32f0xx_i2c.o(i.I2C_StopModeCmd), (20 bytes).
    Removing stm32f0xx_i2c.o(i.I2C_StretchClockCmd), (20 bytes).
    Removing stm32f0xx_i2c.o(i.I2C_StructInit), (22 bytes).
    Removing stm32f0xx_i2c.o(i.I2C_TimeoutAConfig), (16 bytes).
    Removing stm32f0xx_i2c.o(i.I2C_TimeoutBConfig), (20 bytes).
    Removing stm32f0xx_spi.o(.rev16_text), (4 bytes).
    Removing stm32f0xx_spi.o(.revsh_text), (4 bytes).
    Removing stm32f0xx_spi.o(i.I2S_Cmd), (28 bytes).
    Removing stm32f0xx_spi.o(i.I2S_Init), (156 bytes).
    Removing stm32f0xx_spi.o(i.I2S_StructInit), (18 bytes).
    Removing stm32f0xx_spi.o(i.SPI_BiDirectionalLineConfig), (28 bytes).
    Removing stm32f0xx_spi.o(i.SPI_CRCLengthConfig), (20 bytes).
    Removing stm32f0xx_spi.o(i.SPI_CalculateCRC), (28 bytes).
    Removing stm32f0xx_spi.o(i.SPI_DataSizeConfig), (16 bytes).
    Removing stm32f0xx_spi.o(i.SPI_GetCRC), (12 bytes).
    Removing stm32f0xx_spi.o(i.SPI_GetCRCPolynomial), (4 bytes).
    Removing stm32f0xx_spi.o(i.SPI_GetReceptionFIFOStatus), (10 bytes).
    Removing stm32f0xx_spi.o(i.SPI_GetTransmissionFIFOStatus), (10 bytes).
    Removing stm32f0xx_spi.o(i.SPI_I2S_ClearFlag), (6 bytes).
    Removing stm32f0xx_spi.o(i.SPI_I2S_DMACmd), (16 bytes).
    Removing stm32f0xx_spi.o(i.SPI_I2S_DeInit), (64 bytes).
    Removing stm32f0xx_spi.o(i.SPI_I2S_GetITStatus), (42 bytes).
    Removing stm32f0xx_spi.o(i.SPI_I2S_ITConfig), (24 bytes).
    Removing stm32f0xx_spi.o(i.SPI_I2S_ReceiveData16), (4 bytes).
    Removing stm32f0xx_spi.o(i.SPI_I2S_SendData16), (4 bytes).
    Removing stm32f0xx_spi.o(i.SPI_LastDMATransferCmd), (20 bytes).
    Removing stm32f0xx_spi.o(i.SPI_NSSInternalSoftwareConfig), (28 bytes).
    Removing stm32f0xx_spi.o(i.SPI_NSSPulseModeCmd), (18 bytes).
    Removing stm32f0xx_spi.o(i.SPI_ReceiveData8), (4 bytes).
    Removing stm32f0xx_spi.o(i.SPI_SSOutputCmd), (18 bytes).
    Removing stm32f0xx_spi.o(i.SPI_StructInit), (28 bytes).
    Removing stm32f0xx_spi.o(i.SPI_TIModeCmd), (18 bytes).
    Removing stm32f0xx_spi.o(i.SPI_TransmitCRC), (12 bytes).
    Removing stm32f0xx_tim.o(.rev16_text), (4 bytes).
    Removing stm32f0xx_tim.o(.revsh_text), (4 bytes).
    Removing stm32f0xx_tim.o(i.TI1_Config), (40 bytes).
    Removing stm32f0xx_tim.o(i.TI2_Config), (48 bytes).
    Removing stm32f0xx_tim.o(i.TIM_ARRPreloadConfig), (18 bytes).
    Removing stm32f0xx_tim.o(i.TIM_BDTRConfig), (34 bytes).
    Removing stm32f0xx_tim.o(i.TIM_BDTRStructInit), (18 bytes).
    Removing stm32f0xx_tim.o(i.TIM_CCPreloadControl), (20 bytes).
    Removing stm32f0xx_tim.o(i.TIM_CCxCmd), (22 bytes).
    Removing stm32f0xx_tim.o(i.TIM_CCxNCmd), (22 bytes).
    Removing stm32f0xx_tim.o(i.TIM_ClearFlag), (6 bytes).
    Removing stm32f0xx_tim.o(i.TIM_ClearITPendingBit), (6 bytes).
    Removing stm32f0xx_tim.o(i.TIM_ClearOC1Ref), (12 bytes).
    Removing stm32f0xx_tim.o(i.TIM_ClearOC2Ref), (14 bytes).
    Removing stm32f0xx_tim.o(i.TIM_ClearOC3Ref), (12 bytes).
    Removing stm32f0xx_tim.o(i.TIM_ClearOC4Ref), (14 bytes).
    Removing stm32f0xx_tim.o(i.TIM_CounterModeConfig), (12 bytes).
    Removing stm32f0xx_tim.o(i.TIM_DMACmd), (16 bytes).
    Removing stm32f0xx_tim.o(i.TIM_DMAConfig), (8 bytes).
    Removing stm32f0xx_tim.o(i.TIM_DeInit), (204 bytes).
    Removing stm32f0xx_tim.o(i.TIM_ETRClockMode1Config), (28 bytes).
    Removing stm32f0xx_tim.o(i.TIM_ETRClockMode2Config), (20 bytes).
    Removing stm32f0xx_tim.o(i.TIM_ETRConfig), (18 bytes).
    Removing stm32f0xx_tim.o(i.TIM_EncoderInterfaceConfig), (48 bytes).
    Removing stm32f0xx_tim.o(i.TIM_ForcedOC1Config), (12 bytes).
    Removing stm32f0xx_tim.o(i.TIM_ForcedOC2Config), (20 bytes).
    Removing stm32f0xx_tim.o(i.TIM_ForcedOC3Config), (12 bytes).
    Removing stm32f0xx_tim.o(i.TIM_ForcedOC4Config), (20 bytes).
    Removing stm32f0xx_tim.o(i.TIM_GenerateEvent), (4 bytes).
    Removing stm32f0xx_tim.o(i.TIM_GetCapture1), (4 bytes).
    Removing stm32f0xx_tim.o(i.TIM_GetCapture2), (4 bytes).
    Removing stm32f0xx_tim.o(i.TIM_GetCapture3), (4 bytes).
    Removing stm32f0xx_tim.o(i.TIM_GetCapture4), (4 bytes).
    Removing stm32f0xx_tim.o(i.TIM_GetCounter), (4 bytes).
    Removing stm32f0xx_tim.o(i.TIM_GetFlagStatus), (14 bytes).
    Removing stm32f0xx_tim.o(i.TIM_GetITStatus), (24 bytes).
    Removing stm32f0xx_tim.o(i.TIM_GetPrescaler), (4 bytes).
    Removing stm32f0xx_tim.o(i.TIM_ICInit), (184 bytes).
    Removing stm32f0xx_tim.o(i.TIM_ICStructInit), (16 bytes).
    Removing stm32f0xx_tim.o(i.TIM_ITConfig), (16 bytes).
    Removing stm32f0xx_tim.o(i.TIM_ITRxExternalClockConfig), (18 bytes).
    Removing stm32f0xx_tim.o(i.TIM_InternalClockConfig), (10 bytes).
    Removing stm32f0xx_tim.o(i.TIM_OC1FastConfig), (12 bytes).
    Removing stm32f0xx_tim.o(i.TIM_OC1NPolarityConfig), (12 bytes).
    Removing stm32f0xx_tim.o(i.TIM_OC1PolarityConfig), (12 bytes).
    Removing stm32f0xx_tim.o(i.TIM_OC1PreloadConfig), (12 bytes).
    Removing stm32f0xx_tim.o(i.TIM_OC2FastConfig), (20 bytes).
    Removing stm32f0xx_tim.o(i.TIM_OC2NPolarityConfig), (14 bytes).
    Removing stm32f0xx_tim.o(i.TIM_OC2PolarityConfig), (14 bytes).
    Removing stm32f0xx_tim.o(i.TIM_OC2PreloadConfig), (20 bytes).
    Removing stm32f0xx_tim.o(i.TIM_OC3FastConfig), (12 bytes).
    Removing stm32f0xx_tim.o(i.TIM_OC3NPolarityConfig), (20 bytes).
    Removing stm32f0xx_tim.o(i.TIM_OC3PolarityConfig), (20 bytes).
    Removing stm32f0xx_tim.o(i.TIM_OC3PreloadConfig), (12 bytes).
    Removing stm32f0xx_tim.o(i.TIM_OC4FastConfig), (20 bytes).
    Removing stm32f0xx_tim.o(i.TIM_OC4PolarityConfig), (20 bytes).
    Removing stm32f0xx_tim.o(i.TIM_OC4PreloadConfig), (20 bytes).
    Removing stm32f0xx_tim.o(i.TIM_OCStructInit), (20 bytes).
    Removing stm32f0xx_tim.o(i.TIM_PWMIConfig), (104 bytes).
    Removing stm32f0xx_tim.o(i.TIM_PrescalerConfig), (6 bytes).
    Removing stm32f0xx_tim.o(i.TIM_RemapConfig), (6 bytes).
    Removing stm32f0xx_tim.o(i.TIM_SelectCCDMA), (18 bytes).
    Removing stm32f0xx_tim.o(i.TIM_SelectCOM), (18 bytes).
    Removing stm32f0xx_tim.o(i.TIM_SelectHallSensor), (18 bytes).
    Removing stm32f0xx_tim.o(i.TIM_SelectInputTrigger), (12 bytes).
    Removing stm32f0xx_tim.o(i.TIM_SelectMasterSlaveMode), (16 bytes).
    Removing stm32f0xx_tim.o(i.TIM_SelectOCREFClear), (16 bytes).
    Removing stm32f0xx_tim.o(i.TIM_SelectOCxM), (70 bytes).
    Removing stm32f0xx_tim.o(i.TIM_SelectOnePulseMode), (16 bytes).
    Removing stm32f0xx_tim.o(i.TIM_SelectOutputTrigger), (16 bytes).
    Removing stm32f0xx_tim.o(i.TIM_SelectSlaveMode), (16 bytes).
    Removing stm32f0xx_tim.o(i.TIM_SetAutoreload), (4 bytes).
    Removing stm32f0xx_tim.o(i.TIM_SetClockDivision), (20 bytes).
    Removing stm32f0xx_tim.o(i.TIM_SetCompare1), (4 bytes).
    Removing stm32f0xx_tim.o(i.TIM_SetCompare2), (4 bytes).
    Removing stm32f0xx_tim.o(i.TIM_SetCompare3), (4 bytes).
    Removing stm32f0xx_tim.o(i.TIM_SetCompare4), (4 bytes).
    Removing stm32f0xx_tim.o(i.TIM_SetCounter), (4 bytes).
    Removing stm32f0xx_tim.o(i.TIM_SetIC1Prescaler), (16 bytes).
    Removing stm32f0xx_tim.o(i.TIM_SetIC2Prescaler), (24 bytes).
    Removing stm32f0xx_tim.o(i.TIM_SetIC3Prescaler), (16 bytes).
    Removing stm32f0xx_tim.o(i.TIM_SetIC4Prescaler), (24 bytes).
    Removing stm32f0xx_tim.o(i.TIM_TIxExternalClockConfig), (48 bytes).
    Removing stm32f0xx_tim.o(i.TIM_TimeBaseStructInit), (18 bytes).
    Removing stm32f0xx_tim.o(i.TIM_UpdateDisableConfig), (18 bytes).
    Removing stm32f0xx_tim.o(i.TIM_UpdateRequestConfig), (18 bytes).
    Removing startup_stm32f0xx.o(HEAP), (512 bytes).
    Removing 5110.o(.rev16_text), (4 bytes).
    Removing 5110.o(.revsh_text), (4 bytes).
    Removing 5110.o(i.LCD_write_char), (96 bytes).
    Removing mse5611.o(.rev16_text), (4 bytes).
    Removing mse5611.o(.revsh_text), (4 bytes).
    Removing mse5611.o(i.Single_Read_Pressure), (18 bytes).
    Removing mpu9250.o(.rev16_text), (4 bytes).
    Removing mpu9250.o(.revsh_text), (4 bytes).
    Removing cdcmple.o(.text), (40 bytes).

243 unused section(s) (total 6395 bytes) removed from the image.

==============================================================================

Image Symbol Table

    Local Symbols

    Symbol Name                              Value     Ov Type        Size  Object(Section)

    ../clib/microlib/division.c              0x00000000   Number         0  uldiv.o ABSOLUTE
    ../clib/microlib/division.c              0x00000000   Number         0  idiv.o ABSOLUTE
    ../clib/microlib/division.c              0x00000000   Number         0  uidiv.o ABSOLUTE
    ../clib/microlib/errno.c                 0x00000000   Number         0  errno.o ABSOLUTE
    ../clib/microlib/init/entry.s            0x00000000   Number         0  entry7b.o ABSOLUTE
    ../clib/microlib/init/entry.s            0x00000000   Number         0  entry11a.o ABSOLUTE
    ../clib/microlib/init/entry.s            0x00000000   Number         0  entry.o ABSOLUTE
    ../clib/microlib/init/entry.s            0x00000000   Number         0  entry10b.o ABSOLUTE
    ../clib/microlib/init/entry.s            0x00000000   Number         0  entry10a.o ABSOLUTE
    ../clib/microlib/init/entry.s            0x00000000   Number         0  entry9b.o ABSOLUTE
    ../clib/microlib/init/entry.s            0x00000000   Number         0  entry8a.o ABSOLUTE
    ../clib/microlib/init/entry.s            0x00000000   Number         0  entry8b.o ABSOLUTE
    ../clib/microlib/init/entry.s            0x00000000   Number         0  entry9a.o ABSOLUTE
    ../clib/microlib/init/entry.s            0x00000000   Number         0  entry2.o ABSOLUTE
    ../clib/microlib/init/entry.s            0x00000000   Number         0  entry5.o ABSOLUTE
    ../clib/microlib/init/entry.s            0x00000000   Number         0  entry7a.o ABSOLUTE
    ../clib/microlib/init/entry.s            0x00000000   Number         0  entry11b.o ABSOLUTE
    ../clib/microlib/longlong.c              0x00000000   Number         0  llmul.o ABSOLUTE
    ../clib/microlib/longlong.c              0x00000000   Number         0  llshl.o ABSOLUTE
    ../clib/microlib/longlong.c              0x00000000   Number         0  llushr.o ABSOLUTE
    ../clib/microlib/longlong.c              0x00000000   Number         0  llsshr.o ABSOLUTE
    ../clib/microlib/printf/printf.c         0x00000000   Number         0  printfa.o ABSOLUTE
    ../clib/microlib/printf/printf.c         0x00000000   Number         0  printf0.o ABSOLUTE
    ../clib/microlib/printf/printf.c         0x00000000   Number         0  printf1.o ABSOLUTE
    ../clib/microlib/printf/printf.c         0x00000000   Number         0  printf8.o ABSOLUTE
    ../clib/microlib/printf/printf.c         0x00000000   Number         0  printf7.o ABSOLUTE
    ../clib/microlib/printf/printf.c         0x00000000   Number         0  printf6.o ABSOLUTE
    ../clib/microlib/printf/printf.c         0x00000000   Number         0  printf5.o ABSOLUTE
    ../clib/microlib/printf/printf.c         0x00000000   Number         0  printf4.o ABSOLUTE
    ../clib/microlib/printf/printf.c         0x00000000   Number         0  printf3.o ABSOLUTE
    ../clib/microlib/printf/printf.c         0x00000000   Number         0  printf2.o ABSOLUTE
    ../clib/microlib/printf/printf.c         0x00000000   Number         0  printfb.o ABSOLUTE
    ../clib/microlib/printf/stubs.s          0x00000000   Number         0  stubs.o ABSOLUTE
    ../clib/microlib/stdio/fputc.c           0x00000000   Number         0  fputc.o ABSOLUTE
    ../clib/microlib/stdio/semi.s            0x00000000   Number         0  semi.o ABSOLUTE
    ../clib/microlib/stdio/streams.c         0x00000000   Number         0  stdout.o ABSOLUTE
    ../clib/microlib/stubs.s                 0x00000000   Number         0  iusesemip.o ABSOLUTE
    ../clib/microlib/stubs.s                 0x00000000   Number         0  iusefp.o ABSOLUTE
    ../fplib/microlib/d2f.c                  0x00000000   Number         0  d2f.o ABSOLUTE
    ../fplib/microlib/f2d.c                  0x00000000   Number         0  f2d.o ABSOLUTE
    ../fplib/microlib/fpadd.c                0x00000000   Number         0  dadd.o ABSOLUTE
    ../fplib/microlib/fpadd.c                0x00000000   Number         0  fadd.o ABSOLUTE
    ../fplib/microlib/fpdiv.c                0x00000000   Number         0  ddiv.o ABSOLUTE
    ../fplib/microlib/fpdiv.c                0x00000000   Number         0  fdiv.o ABSOLUTE
    ../fplib/microlib/fpepilogue.c           0x00000000   Number         0  depilogue.o ABSOLUTE
    ../fplib/microlib/fpepilogue.c           0x00000000   Number         0  fepilogue.o ABSOLUTE
    ../fplib/microlib/fpfix.c                0x00000000   Number         0  dfixui.o ABSOLUTE
    ../fplib/microlib/fpfix.c                0x00000000   Number         0  dfixul.o ABSOLUTE
    ../fplib/microlib/fpflt.c                0x00000000   Number         0  dfltui.o ABSOLUTE
    ../fplib/microlib/fpflt.c                0x00000000   Number         0  dflti.o ABSOLUTE
    ../fplib/microlib/fpflt.c                0x00000000   Number         0  fflti.o ABSOLUTE
    ../fplib/microlib/fpmul.c                0x00000000   Number         0  fmul.o ABSOLUTE
    ../fplib/microlib/fpmul.c                0x00000000   Number         0  dmul.o ABSOLUTE
    ../fplib/microlib/fpscalb.c              0x00000000   Number         0  dscalb.o ABSOLUTE
    ../fplib/microlib/fpscalb.c              0x00000000   Number         0  fscalb.o ABSOLUTE
    ../fplib/microlib/fpsqrt.c               0x00000000   Number         0  dsqrt.o ABSOLUTE
    ../fplib/microlib/fpsqrt.c               0x00000000   Number         0  fsqrt.o ABSOLUTE
    ../mathlib/asinf.c                       0x00000000   Number         0  asinf.o ABSOLUTE
    ../mathlib/asinf.c                       0x00000000   Number         0  asinf_x.o ABSOLUTE
    ../mathlib/atan2f.c                      0x00000000   Number         0  atan2f.o ABSOLUTE
    ../mathlib/atan2f.c                      0x00000000   Number         0  atan2f_x.o ABSOLUTE
    ../mathlib/dunder.c                      0x00000000   Number         0  dunder.o ABSOLUTE
    ../mathlib/fpclassify.c                  0x00000000   Number         0  fpclassify.o ABSOLUTE
    ../mathlib/fpclassifyf.c                 0x00000000   Number         0  fpclassifyf.o ABSOLUTE
    ../mathlib/funder.c                      0x00000000   Number         0  funder.o ABSOLUTE
    ../mathlib/poly.c                        0x00000000   Number         0  poly.o ABSOLUTE
    ../mathlib/pow.c                         0x00000000   Number         0  pow.o ABSOLUTE
    ../mathlib/pow.c                         0x00000000   Number         0  pow_x.o ABSOLUTE
    ../mathlib/qnan.c                        0x00000000   Number         0  qnan.o ABSOLUTE
    ../mathlib/sqrt.c                        0x00000000   Number         0  sqrt.o ABSOLUTE
    ../mathlib/sqrt.c                        0x00000000   Number         0  sqrt_x.o ABSOLUTE
    ../mathlib/sqrtf.c                       0x00000000   Number         0  sqrtf_x.o ABSOLUTE
    ../mathlib/sqrtf.c                       0x00000000   Number         0  sqrtf.o ABSOLUTE
    CORE\startup_stm32f0xx.s                 0x00000000   Number         0  startup_stm32f0xx.o ABSOLUTE
    LIB\\src\\stm32f0xx_dma.c                0x00000000   Number         0  stm32f0xx_dma.o ABSOLUTE
    LIB\\src\\stm32f0xx_gpio.c               0x00000000   Number         0  stm32f0xx_gpio.o ABSOLUTE
    LIB\\src\\stm32f0xx_i2c.c                0x00000000   Number         0  stm32f0xx_i2c.o ABSOLUTE
    LIB\\src\\stm32f0xx_rcc.c                0x00000000   Number         0  stm32f0xx_rcc.o ABSOLUTE
    LIB\\src\\stm32f0xx_spi.c                0x00000000   Number         0  stm32f0xx_spi.o ABSOLUTE
    LIB\\src\\stm32f0xx_tim.c                0x00000000   Number         0  stm32f0xx_tim.o ABSOLUTE
    LIB\src\stm32f0xx_dma.c                  0x00000000   Number         0  stm32f0xx_dma.o ABSOLUTE
    LIB\src\stm32f0xx_gpio.c                 0x00000000   Number         0  stm32f0xx_gpio.o ABSOLUTE
    LIB\src\stm32f0xx_i2c.c                  0x00000000   Number         0  stm32f0xx_i2c.o ABSOLUTE
    LIB\src\stm32f0xx_rcc.c                  0x00000000   Number         0  stm32f0xx_rcc.o ABSOLUTE
    LIB\src\stm32f0xx_spi.c                  0x00000000   Number         0  stm32f0xx_spi.o ABSOLUTE
    LIB\src\stm32f0xx_tim.c                  0x00000000   Number         0  stm32f0xx_tim.o ABSOLUTE
    USR\5110.c                               0x00000000   Number         0  5110.o ABSOLUTE
    USR\BSP.c                                0x00000000   Number         0  bsp.o ABSOLUTE
    USR\I2C_Libary.c                         0x00000000   Number         0  i2c_libary.o ABSOLUTE
    USR\MPU9250.c                            0x00000000   Number         0  mpu9250.o ABSOLUTE
    USR\MSE5611.c                            0x00000000   Number         0  mse5611.o ABSOLUTE
    USR\MahonyAHRS.c                         0x00000000   Number         0  mahonyahrs.o ABSOLUTE
    USR\\5110.c                              0x00000000   Number         0  5110.o ABSOLUTE
    USR\\BSP.c                               0x00000000   Number         0  bsp.o ABSOLUTE
    USR\\I2C_Libary.c                        0x00000000   Number         0  i2c_libary.o ABSOLUTE
    USR\\MPU9250.c                           0x00000000   Number         0  mpu9250.o ABSOLUTE
    USR\\MSE5611.c                           0x00000000   Number         0  mse5611.o ABSOLUTE
    USR\\main.c                              0x00000000   Number         0  main.o ABSOLUTE
    USR\\stm32f0xx_it.c                      0x00000000   Number         0  stm32f0xx_it.o ABSOLUTE
    USR\\system_stm32f0xx.c                  0x00000000   Number         0  system_stm32f0xx.o ABSOLUTE
    USR\main.c                               0x00000000   Number         0  main.o ABSOLUTE
    USR\stm32f0xx_it.c                       0x00000000   Number         0  stm32f0xx_it.o ABSOLUTE
    USR\system_stm32f0xx.c                   0x00000000   Number         0  system_stm32f0xx.o ABSOLUTE
    cdcmple.s                                0x00000000   Number         0  cdcmple.o ABSOLUTE
    cdrcmple.s                               0x00000000   Number         0  cdrcmple.o ABSOLUTE
    dc.s                                     0x00000000   Number         0  dc.o ABSOLUTE
    handlers.s                               0x00000000   Number         0  handlers.o ABSOLUTE
    init.s                                   0x00000000   Number         0  init.o ABSOLUTE
    RESET                                    0x08000000   Section      192  startup_stm32f0xx.o(RESET)
    .ARM.Collect$$$$00000000                 0x080000c0   Section        0  entry.o(.ARM.Collect$$$$00000000)
    .ARM.Collect$$$$00000001                 0x080000c0   Section        4  entry2.o(.ARM.Collect$$$$00000001)
    .ARM.Collect$$$$00000004                 0x080000c4   Section        4  entry5.o(.ARM.Collect$$$$00000004)
    .ARM.Collect$$$$00000008                 0x080000c8   Section        0  entry7b.o(.ARM.Collect$$$$00000008)
    .ARM.Collect$$$$0000000A                 0x080000c8   Section        0  entry8b.o(.ARM.Collect$$$$0000000A)
    .ARM.Collect$$$$0000000B                 0x080000c8   Section        8  entry9a.o(.ARM.Collect$$$$0000000B)
    .ARM.Collect$$$$0000000D                 0x080000d0   Section        0  entry10a.o(.ARM.Collect$$$$0000000D)
    .ARM.Collect$$$$0000000F                 0x080000d0   Section        0  entry11a.o(.ARM.Collect$$$$0000000F)
    .ARM.Collect$$$$00002712                 0x080000d0   Section        4  entry2.o(.ARM.Collect$$$$00002712)
    __lit__00000000                          0x080000d0   Data           4  entry2.o(.ARM.Collect$$$$00002712)
    .text                                    0x080000d4   Section       88  startup_stm32f0xx.o(.text)
    .text                                    0x0800012c   Section        0  uidiv.o(.text)
    .text                                    0x08000158   Section        0  idiv.o(.text)
    .text                                    0x08000180   Section        0  llmul.o(.text)
    .text                                    0x080001fa   Section        0  fadd.o(.text)
    .text                                    0x080002ac   Section        0  fmul.o(.text)
    .text                                    0x08000326   Section        0  fdiv.o(.text)
    .text                                    0x080003a2   Section        0  fscalb.o(.text)
    .text                                    0x080003bc   Section        0  dadd.o(.text)
    .text                                    0x08000520   Section        0  dmul.o(.text)
    .text                                    0x080005f0   Section        0  ddiv.o(.text)
    .text                                    0x080006e0   Section        0  dscalb.o(.text)
    .text                                    0x0800070c   Section        0  fflti.o(.text)
    .text                                    0x08000724   Section        0  dflti.o(.text)
    .text                                    0x0800074c   Section        0  dfltui.o(.text)
    .text                                    0x08000768   Section        0  dfixui.o(.text)
    .text                                    0x080007a4   Section        0  f2d.o(.text)
    .text                                    0x080007cc   Section        0  d2f.o(.text)
    .text                                    0x08000804   Section        0  uldiv.o(.text)
    .text                                    0x08000864   Section        0  llshl.o(.text)
    .text                                    0x08000884   Section        0  llushr.o(.text)
    .text                                    0x080008a6   Section        0  llsshr.o(.text)
    .text                                    0x080008cc   Section        0  fepilogue.o(.text)
    .text                                    0x080008cc   Section        0  iusefp.o(.text)
    .text                                    0x0800094e   Section        0  fsqrt.o(.text)
    .text                                    0x080009a6   Section        0  depilogue.o(.text)
    .text                                    0x08000a64   Section        0  dfixul.o(.text)
    .text                                    0x08000aa4   Section       40  cdrcmple.o(.text)
    .text                                    0x08000acc   Section       36  init.o(.text)
    .text                                    0x08000af0   Section        0  dsqrt.o(.text)
    i.GPIO_Init                              0x08000b92   Section        0  stm32f0xx_gpio.o(i.GPIO_Init)
    i.GPIO_PinAFConfig                       0x08000c02   Section        0  stm32f0xx_gpio.o(i.GPIO_PinAFConfig)
    i.GPIO_ResetBits                         0x08000c22   Section        0  stm32f0xx_gpio.o(i.GPIO_ResetBits)
    i.GPIO_SetBits                           0x08000c26   Section        0  stm32f0xx_gpio.o(i.GPIO_SetBits)
    i.HardFault_Handler                      0x08000c2a   Section        0  stm32f0xx_it.o(i.HardFault_Handler)
    i.I2C_Cmd                                0x08000c2c   Section        0  stm32f0xx_i2c.o(i.I2C_Cmd)
    i.I2C_GetFlagStatus                      0x08000c40   Section        0  stm32f0xx_i2c.o(i.I2C_GetFlagStatus)
    i.I2C_Init                               0x08000c50   Section        0  stm32f0xx_i2c.o(i.I2C_Init)
    i.I2C_ReadBytes                          0x08000cb4   Section        0  i2c_libary.o(i.I2C_ReadBytes)
    i.I2C_ReceiveData                        0x08000d4a   Section        0  stm32f0xx_i2c.o(i.I2C_ReceiveData)
    i.I2C_SendData                           0x08000d50   Section        0  stm32f0xx_i2c.o(i.I2C_SendData)
    i.I2C_TransferHandling                   0x08000d54   Section        0  stm32f0xx_i2c.o(i.I2C_TransferHandling)
    i.I2C_Wait_Flag                          0x08000d74   Section        0  i2c_libary.o(i.I2C_Wait_Flag)
    i.I2C_WriteByte                          0x08000d98   Section        0  i2c_libary.o(i.I2C_WriteByte)
    i.I2C_WriteRegBytes                      0x08000dec   Section        0  i2c_libary.o(i.I2C_WriteRegBytes)
    i.InitGPIO                               0x08000e60   Section        0  bsp.o(i.InitGPIO)
    InitGPIO                                 0x08000e61   Thumb Code   258  bsp.o(i.InitGPIO)
    i.InitSystem                             0x08000f68   Section        0  bsp.o(i.InitSystem)
    i.Init_MPU9250                           0x08001030   Section        0  mpu9250.o(i.Init_MPU9250)
    i.LCD_E_Str                              0x080010e0   Section        0  5110.o(i.LCD_E_Str)
    i.LCD_Set_XY                             0x08001154   Section        0  5110.o(i.LCD_Set_XY)
    i.LCD_clear                              0x08001170   Section        0  5110.o(i.LCD_clear)
    i.LCD_init                               0x080011d4   Section        0  5110.o(i.LCD_init)
    i.LCD_write_byte                         0x08001258   Section        0  5110.o(i.LCD_write_byte)
    i.MPU6050_TimerInit                      0x080012b0   Section        0  bsp.o(i.MPU6050_TimerInit)
    i.MPU9250_Calibration                    0x080012d4   Section        0  mpu9250.o(i.MPU9250_Calibration)
    i.MPU9250_Read                           0x08001354   Section        0  mpu9250.o(i.MPU9250_Read)
    i.MPU9250_Read_Pre                       0x080013e4   Section        0  mpu9250.o(i.MPU9250_Read_Pre)
    i.MSE5611_Config                         0x08001404   Section        0  mse5611.o(i.MSE5611_Config)
    i.Mahony_Init                            0x080014b8   Section        0  mahonyahrs.o(i.Mahony_Init)
    i.Mahony_computeAngles                   0x080014e8   Section        0  mahonyahrs.o(i.Mahony_computeAngles)
    i.Mahony_invSqrt                         0x080015a8   Section        0  mahonyahrs.o(i.Mahony_invSqrt)
    i.Mahony_update                          0x080015fc   Section        0  mahonyahrs.o(i.Mahony_update)
    i.NMI_Handler                            0x08001b84   Section        0  stm32f0xx_it.o(i.NMI_Handler)
    i.PWM_Config                             0x08001b88   Section        0  bsp.o(i.PWM_Config)
    i.PendSV_Handler                         0x08001ccc   Section        0  stm32f0xx_it.o(i.PendSV_Handler)
    i.Pressure_Caculate                      0x08001cd0   Section        0  mse5611.o(i.Pressure_Caculate)
    i.RCC_AHBPeriphClockCmd                  0x08001e58   Section        0  stm32f0xx_rcc.o(i.RCC_AHBPeriphClockCmd)
    i.RCC_APB1PeriphClockCmd                 0x08001e70   Section        0  stm32f0xx_rcc.o(i.RCC_APB1PeriphClockCmd)
    i.RCC_APB2PeriphClockCmd                 0x08001e88   Section        0  stm32f0xx_rcc.o(i.RCC_APB2PeriphClockCmd)
    i.RCC_I2CCLKConfig                       0x08001ea0   Section        0  stm32f0xx_rcc.o(i.RCC_I2CCLKConfig)
    i.ReadPressure                           0x08001eb8   Section        0  mse5611.o(i.ReadPressure)
    i.ReadPressure_Pre                       0x08001ed8   Section        0  mse5611.o(i.ReadPressure_Pre)
    i.ReadTemp                               0x08001eec   Section        0  mse5611.o(i.ReadTemp)
    i.ReadTemp_Pre                           0x08001f0c   Section        0  mse5611.o(i.ReadTemp_Pre)
    i.Reset_MSE5611                          0x08001f20   Section        0  mse5611.o(i.Reset_MSE5611)
    i.SPI_Cmd                                0x08001f38   Section        0  stm32f0xx_spi.o(i.SPI_Cmd)
    i.SPI_I2S_GetFlagStatus                  0x08001f4a   Section        0  stm32f0xx_spi.o(i.SPI_I2S_GetFlagStatus)
    i.SPI_Init                               0x08001f58   Section        0  stm32f0xx_spi.o(i.SPI_Init)
    i.SPI_RxFIFOThresholdConfig              0x08001fac   Section        0  stm32f0xx_spi.o(i.SPI_RxFIFOThresholdConfig)
    i.SPI_SendData8                          0x08001fc0   Section        0  stm32f0xx_spi.o(i.SPI_SendData8)
    i.SVC_Handler                            0x08001fc4   Section        0  stm32f0xx_it.o(i.SVC_Handler)
    i.Sensor_Read                            0x08001fc8   Section        0  main.o(i.Sensor_Read)
    i.SetSysClock                            0x080020a0   Section        0  system_stm32f0xx.o(i.SetSysClock)
    SetSysClock                              0x080020a1   Thumb Code   142  system_stm32f0xx.o(i.SetSysClock)
    i.Single_Read_Temp                       0x08002138   Section        0  mse5611.o(i.Single_Read_Temp)
    i.SysTick_Handler                        0x0800214a   Section        0  stm32f0xx_it.o(i.SysTick_Handler)
    i.SystemInit                             0x0800214c   Section        0  system_stm32f0xx.o(i.SystemInit)
    i.TIM_Cmd                                0x080021ac   Section        0  stm32f0xx_tim.o(i.TIM_Cmd)
    i.TIM_CtrlPWMOutputs                     0x080021c0   Section        0  stm32f0xx_tim.o(i.TIM_CtrlPWMOutputs)
    i.TIM_OC1Init                            0x080021d8   Section        0  stm32f0xx_tim.o(i.TIM_OC1Init)
    i.TIM_OC2Init                            0x08002254   Section        0  stm32f0xx_tim.o(i.TIM_OC2Init)
    i.TIM_OC3Init                            0x080022e4   Section        0  stm32f0xx_tim.o(i.TIM_OC3Init)
    i.TIM_OC4Init                            0x0800236c   Section        0  stm32f0xx_tim.o(i.TIM_OC4Init)
    i.TIM_TimeBaseInit                       0x080023d0   Section        0  stm32f0xx_tim.o(i.TIM_TimeBaseInit)
    i.__0sprintf                             0x08002444   Section        0  printfa.o(i.__0sprintf)
    i.__ARM_clz                              0x0800246c   Section        0  depilogue.o(i.__ARM_clz)
    i.__ARM_fpclassify                       0x0800249c   Section        0  fpclassify.o(i.__ARM_fpclassify)
    i.__ARM_fpclassifyf                      0x080024c8   Section        0  fpclassifyf.o(i.__ARM_fpclassifyf)
    i.__kernel_poly                          0x080024ea   Section        0  poly.o(i.__kernel_poly)
    i.__mathlib_dbl_divzero                  0x08002598   Section        0  dunder.o(i.__mathlib_dbl_divzero)
    i.__mathlib_dbl_infnan2                  0x080025ac   Section        0  dunder.o(i.__mathlib_dbl_infnan2)
    i.__mathlib_dbl_invalid                  0x080025b4   Section        0  dunder.o(i.__mathlib_dbl_invalid)
    i.__mathlib_dbl_overflow                 0x080025c4   Section        0  dunder.o(i.__mathlib_dbl_overflow)
    i.__mathlib_dbl_underflow                0x080025d8   Section        0  dunder.o(i.__mathlib_dbl_underflow)
    i.__mathlib_flt_infnan                   0x080025ec   Section        0  funder.o(i.__mathlib_flt_infnan)
    i.__mathlib_flt_infnan2                  0x080025f6   Section        0  funder.o(i.__mathlib_flt_infnan2)
    i.__mathlib_flt_invalid                  0x080025fe   Section        0  funder.o(i.__mathlib_flt_invalid)
    i.__mathlib_flt_underflow                0x0800260a   Section        0  funder.o(i.__mathlib_flt_underflow)
    i.__scatterload_copy                     0x08002618   Section       14  handlers.o(i.__scatterload_copy)
    i.__scatterload_null                     0x08002626   Section        2  handlers.o(i.__scatterload_null)
    i.__scatterload_zeroinit                 0x08002628   Section       14  handlers.o(i.__scatterload_zeroinit)
    i.__set_errno                            0x08002638   Section        0  errno.o(i.__set_errno)
    i._fp_digits                             0x08002644   Section        0  printfa.o(i._fp_digits)
    _fp_digits                               0x08002645   Thumb Code   316  printfa.o(i._fp_digits)
    i._printf_core                           0x0800279c   Section        0  printfa.o(i._printf_core)
    _printf_core                             0x0800279d   Thumb Code  1754  printfa.o(i._printf_core)
    i._printf_post_padding                   0x08002e88   Section        0  printfa.o(i._printf_post_padding)
    _printf_post_padding                     0x08002e89   Thumb Code    32  printfa.o(i._printf_post_padding)
    i._printf_pre_padding                    0x08002ea8   Section        0  printfa.o(i._printf_pre_padding)
    _printf_pre_padding                      0x08002ea9   Thumb Code    44  printfa.o(i._printf_pre_padding)
    i._sputc                                 0x08002ed4   Section        0  printfa.o(i._sputc)
    _sputc                                   0x08002ed5   Thumb Code    10  printfa.o(i._sputc)
    i.asinf                                  0x08002ee0   Section        0  asinf.o(i.asinf)
    i.atan2f                                 0x08002ff8   Section        0  atan2f.o(i.atan2f)
    i.delay_1us                              0x08003254   Section        0  5110.o(i.delay_1us)
    i.delay_ms                               0x08003260   Section        0  bsp.o(i.delay_ms)
    i.getPitch                               0x0800328c   Section        0  mahonyahrs.o(i.getPitch)
    i.getRoll                                0x080032ac   Section        0  mahonyahrs.o(i.getRoll)
    i.getYaw                                 0x080032cc   Section        0  mahonyahrs.o(i.getYaw)
    i.main                                   0x080032f8   Section        0  main.o(i.main)
    i.pow                                    0x080033b8   Section        0  pow.o(i.pow)
    i.sqrt                                   0x08003db4   Section        0  sqrt.o(i.sqrt)
    i.sqrtf                                  0x08003dfc   Section        0  sqrtf.o(i.sqrtf)
    .constdata                               0x08003e28   Section      558  5110.o(.constdata)
    .constdata                               0x08004058   Section      136  pow.o(.constdata)
    bp                                       0x08004058   Data          16  pow.o(.constdata)
    dp_h                                     0x08004068   Data          16  pow.o(.constdata)
    dp_l                                     0x08004078   Data          16  pow.o(.constdata)
    L                                        0x08004088   Data          48  pow.o(.constdata)
    P                                        0x080040b8   Data          40  pow.o(.constdata)
    .constdata                               0x080040e0   Section        8  qnan.o(.constdata)
    .data                                    0x20000000   Section       20  system_stm32f0xx.o(.data)
    .data                                    0x20000014   Section        2  i2c_libary.o(.data)
    .data                                    0x20000018   Section       24  mse5611.o(.data)
    .data                                    0x20000030   Section       52  mahonyahrs.o(.data)
    .data                                    0x20000064   Section       22  mpu9250.o(.data)
    .data                                    0x2000007c   Section        4  errno.o(.data)
    _errno                                   0x2000007c   Data           4  errno.o(.data)
    .bss                                     0x20000080   Section       12  mse5611.o(.bss)
    .bss                                     0x2000008c   Section       12  mpu9250.o(.bss)
    STACK                                    0x20000098   Section     1024  startup_stm32f0xx.o(STACK)

    Global Symbols

    Symbol Name                              Value     Ov Type        Size  Object(Section)

    BuildAttributes$$THM_ISAv3M$S$PE$A:L22$X:L11$S22$IEEE1$IW$USESV6$~STKCKD$USESV7$~SHL$OTIME$ROPI$IEEEX$EBA8$MICROLIB$REQ8$PRES8$EABIv2 0x00000000   Number         0  anon$$obj.o ABSOLUTE
    __ARM_use_no_argv                        0x00000000   Number         0  main.o ABSOLUTE
    _printf_a                                0x00000000   Number         0  stubs.o ABSOLUTE
    _printf_c                                0x00000000   Number         0  stubs.o ABSOLUTE
    _printf_charcount                        0x00000000   Number         0  stubs.o ABSOLUTE
    _printf_d                                0x00000000   Number         0  stubs.o ABSOLUTE
    _printf_e                                0x00000000   Number         0  stubs.o ABSOLUTE
    _printf_f                                0x00000000   Number         0  stubs.o ABSOLUTE
    _printf_flags                            0x00000000   Number         0  stubs.o ABSOLUTE
    _printf_fp_dec                           0x00000000   Number         0  stubs.o ABSOLUTE
    _printf_fp_hex                           0x00000000   Number         0  stubs.o ABSOLUTE
    _printf_g                                0x00000000   Number         0  stubs.o ABSOLUTE
    _printf_i                                0x00000000   Number         0  stubs.o ABSOLUTE
    _printf_int_dec                          0x00000000   Number         0  stubs.o ABSOLUTE
    _printf_l                                0x00000000   Number         0  stubs.o ABSOLUTE
    _printf_lc                               0x00000000   Number         0  stubs.o ABSOLUTE
    _printf_ll                               0x00000000   Number         0  stubs.o ABSOLUTE
    _printf_lld                              0x00000000   Number         0  stubs.o ABSOLUTE
    _printf_lli                              0x00000000   Number         0  stubs.o ABSOLUTE
    _printf_llo                              0x00000000   Number         0  stubs.o ABSOLUTE
    _printf_llu                              0x00000000   Number         0  stubs.o ABSOLUTE
    _printf_llx                              0x00000000   Number         0  stubs.o ABSOLUTE
    _printf_longlong_dec                     0x00000000   Number         0  stubs.o ABSOLUTE
    _printf_longlong_hex                     0x00000000   Number         0  stubs.o ABSOLUTE
    _printf_longlong_oct                     0x00000000   Number         0  stubs.o ABSOLUTE
    _printf_ls                               0x00000000   Number         0  stubs.o ABSOLUTE
    _printf_mbtowc                           0x00000000   Number         0  stubs.o ABSOLUTE
    _printf_n                                0x00000000   Number         0  stubs.o ABSOLUTE
    _printf_o                                0x00000000   Number         0  stubs.o ABSOLUTE
    _printf_p                                0x00000000   Number         0  stubs.o ABSOLUTE
    _printf_percent                          0x00000000   Number         0  stubs.o ABSOLUTE
    _printf_pre_padding                      0x00000000   Number         0  stubs.o ABSOLUTE
    _printf_return_value                     0x00000000   Number         0  stubs.o ABSOLUTE
    _printf_s                                0x00000000   Number         0  stubs.o ABSOLUTE
    _printf_sizespec                         0x00000000   Number         0  stubs.o ABSOLUTE
    _printf_str                              0x00000000   Number         0  stubs.o ABSOLUTE
    _printf_truncate_signed                  0x00000000   Number         0  stubs.o ABSOLUTE
    _printf_truncate_unsigned                0x00000000   Number         0  stubs.o ABSOLUTE
    _printf_u                                0x00000000   Number         0  stubs.o ABSOLUTE
    _printf_wc                               0x00000000   Number         0  stubs.o ABSOLUTE
    _printf_wctomb                           0x00000000   Number         0  stubs.o ABSOLUTE
    _printf_widthprec                        0x00000000   Number         0  stubs.o ABSOLUTE
    _printf_x                                0x00000000   Number         0  stubs.o ABSOLUTE
    __cpp_initialize__aeabi_                  - Undefined Weak Reference
    __cxa_finalize                            - Undefined Weak Reference
    __decompress                              - Undefined Weak Reference
    _clock_init                               - Undefined Weak Reference
    _microlib_exit                            - Undefined Weak Reference
    __Vectors_Size                           0x000000c0   Number         0  startup_stm32f0xx.o ABSOLUTE
    __Vectors                                0x08000000   Data           4  startup_stm32f0xx.o(RESET)
    __Vectors_End                            0x080000c0   Data           0  startup_stm32f0xx.o(RESET)
    __main                                   0x080000c1   Thumb Code     0  entry.o(.ARM.Collect$$$$00000000)
    _main_stk                                0x080000c1   Thumb Code     0  entry2.o(.ARM.Collect$$$$00000001)
    _main_scatterload                        0x080000c5   Thumb Code     0  entry5.o(.ARM.Collect$$$$00000004)
    __main_after_scatterload                 0x080000c9   Thumb Code     0  entry5.o(.ARM.Collect$$$$00000004)
    _main_clock                              0x080000c9   Thumb Code     0  entry7b.o(.ARM.Collect$$$$00000008)
    _main_cpp_init                           0x080000c9   Thumb Code     0  entry8b.o(.ARM.Collect$$$$0000000A)
    _main_init                               0x080000c9   Thumb Code     0  entry9a.o(.ARM.Collect$$$$0000000B)
    __rt_final_cpp                           0x080000d1   Thumb Code     0  entry10a.o(.ARM.Collect$$$$0000000D)
    __rt_final_exit                          0x080000d1   Thumb Code     0  entry11a.o(.ARM.Collect$$$$0000000F)
    Reset_Handler                            0x080000d5   Thumb Code    38  startup_stm32f0xx.o(.text)
    ADC1_COMP_IRQHandler                     0x08000105   Thumb Code     0  startup_stm32f0xx.o(.text)
    CEC_IRQHandler                           0x08000105   Thumb Code     0  startup_stm32f0xx.o(.text)
    DMA1_Channel1_IRQHandler                 0x08000105   Thumb Code     0  startup_stm32f0xx.o(.text)
    DMA1_Channel2_3_IRQHandler               0x08000105   Thumb Code     0  startup_stm32f0xx.o(.text)
    DMA1_Channel4_5_IRQHandler               0x08000105   Thumb Code     0  startup_stm32f0xx.o(.text)
    EXTI0_1_IRQHandler                       0x08000105   Thumb Code     0  startup_stm32f0xx.o(.text)
    EXTI2_3_IRQHandler                       0x08000105   Thumb Code     0  startup_stm32f0xx.o(.text)
    EXTI4_15_IRQHandler                      0x08000105   Thumb Code     0  startup_stm32f0xx.o(.text)
    FLASH_IRQHandler                         0x08000105   Thumb Code     0  startup_stm32f0xx.o(.text)
    I2C1_IRQHandler                          0x08000105   Thumb Code     0  startup_stm32f0xx.o(.text)
    I2C2_IRQHandler                          0x08000105   Thumb Code     0  startup_stm32f0xx.o(.text)
    PVD_IRQHandler                           0x08000105   Thumb Code     0  startup_stm32f0xx.o(.text)
    RCC_IRQHandler                           0x08000105   Thumb Code     0  startup_stm32f0xx.o(.text)
    RTC_IRQHandler                           0x08000105   Thumb Code     0  startup_stm32f0xx.o(.text)
    SPI1_IRQHandler                          0x08000105   Thumb Code     0  startup_stm32f0xx.o(.text)
    SPI2_IRQHandler                          0x08000105   Thumb Code     0  startup_stm32f0xx.o(.text)
    TIM14_IRQHandler                         0x08000105   Thumb Code     0  startup_stm32f0xx.o(.text)
    TIM15_IRQHandler                         0x08000105   Thumb Code     0  startup_stm32f0xx.o(.text)
    TIM16_IRQHandler                         0x08000105   Thumb Code     0  startup_stm32f0xx.o(.text)
    TIM17_IRQHandler                         0x08000105   Thumb Code     0  startup_stm32f0xx.o(.text)
    TIM1_BRK_UP_TRG_COM_IRQHandler           0x08000105   Thumb Code     0  startup_stm32f0xx.o(.text)
    TIM1_CC_IRQHandler                       0x08000105   Thumb Code     0  startup_stm32f0xx.o(.text)
    TIM2_IRQHandler                          0x08000105   Thumb Code     0  startup_stm32f0xx.o(.text)
    TIM3_IRQHandler                          0x08000105   Thumb Code     0  startup_stm32f0xx.o(.text)
    TIM6_DAC_IRQHandler                      0x08000105   Thumb Code     0  startup_stm32f0xx.o(.text)
    TS_IRQHandler                            0x08000105   Thumb Code     0  startup_stm32f0xx.o(.text)
    USART1_IRQHandler                        0x08000105   Thumb Code     0  startup_stm32f0xx.o(.text)
    USART2_IRQHandler                        0x08000105   Thumb Code     0  startup_stm32f0xx.o(.text)
    WWDG_IRQHandler                          0x08000105   Thumb Code     0  startup_stm32f0xx.o(.text)
    __aeabi_uidiv                            0x0800012d   Thumb Code     0  uidiv.o(.text)
    __aeabi_uidivmod                         0x0800012d   Thumb Code    44  uidiv.o(.text)
    __aeabi_idiv                             0x08000159   Thumb Code     0  idiv.o(.text)
    __aeabi_idivmod                          0x08000159   Thumb Code    40  idiv.o(.text)
    __aeabi_lmul                             0x08000181   Thumb Code   122  llmul.o(.text)
    _ll_mul                                  0x08000181   Thumb Code     0  llmul.o(.text)
    __aeabi_fadd                             0x080001fb   Thumb Code   162  fadd.o(.text)
    __aeabi_fsub                             0x0800029d   Thumb Code     8  fadd.o(.text)
    __aeabi_frsub                            0x080002a5   Thumb Code     8  fadd.o(.text)
    __aeabi_fmul                             0x080002ad   Thumb Code   122  fmul.o(.text)
    __aeabi_fdiv                             0x08000327   Thumb Code   124  fdiv.o(.text)
    __ARM_scalbnf                            0x080003a3   Thumb Code    24  fscalb.o(.text)
    scalbnf                                  0x080003a3   Thumb Code     0  fscalb.o(.text)
    __aeabi_dadd                             0x080003bd   Thumb Code   328  dadd.o(.text)
    __aeabi_dsub                             0x08000505   Thumb Code    12  dadd.o(.text)
    __aeabi_drsub                            0x08000511   Thumb Code    12  dadd.o(.text)
    __aeabi_dmul                             0x08000521   Thumb Code   202  dmul.o(.text)
    __aeabi_ddiv                             0x080005f1   Thumb Code   234  ddiv.o(.text)
    __ARM_scalbn                             0x080006e1   Thumb Code    44  dscalb.o(.text)
    scalbn                                   0x080006e1   Thumb Code     0  dscalb.o(.text)
    __aeabi_i2f                              0x0800070d   Thumb Code    22  fflti.o(.text)
    __aeabi_i2d                              0x08000725   Thumb Code    34  dflti.o(.text)
    __aeabi_ui2d                             0x0800074d   Thumb Code    24  dfltui.o(.text)
    __aeabi_d2uiz                            0x08000769   Thumb Code    50  dfixui.o(.text)
    __aeabi_f2d                              0x080007a5   Thumb Code    40  f2d.o(.text)
    __aeabi_d2f                              0x080007cd   Thumb Code    56  d2f.o(.text)
    __aeabi_uldivmod                         0x08000805   Thumb Code    96  uldiv.o(.text)
    __aeabi_llsl                             0x08000865   Thumb Code    32  llshl.o(.text)
    _ll_shift_l                              0x08000865   Thumb Code     0  llshl.o(.text)
    __aeabi_llsr                             0x08000885   Thumb Code    34  llushr.o(.text)
    _ll_ushift_r                             0x08000885   Thumb Code     0  llushr.o(.text)
    __aeabi_lasr                             0x080008a7   Thumb Code    38  llsshr.o(.text)
    _ll_sshift_r                             0x080008a7   Thumb Code     0  llsshr.o(.text)
    __I$use$fp                               0x080008cd   Thumb Code     0  iusefp.o(.text)
    _float_round                             0x080008cd   Thumb Code    16  fepilogue.o(.text)
    _float_epilogue                          0x080008dd   Thumb Code   114  fepilogue.o(.text)
    _fsqrt                                   0x0800094f   Thumb Code    88  fsqrt.o(.text)
    _double_round                            0x080009a7   Thumb Code    26  depilogue.o(.text)
    _double_epilogue                         0x080009c1   Thumb Code   164  depilogue.o(.text)
    __aeabi_d2ulz                            0x08000a65   Thumb Code    54  dfixul.o(.text)
    __aeabi_cdrcmple                         0x08000aa5   Thumb Code    38  cdrcmple.o(.text)
    __scatterload                            0x08000acd   Thumb Code    28  init.o(.text)
    __scatterload_rt2                        0x08000acd   Thumb Code     0  init.o(.text)
    _dsqrt                                   0x08000af1   Thumb Code   162  dsqrt.o(.text)
    GPIO_Init                                0x08000b93   Thumb Code   112  stm32f0xx_gpio.o(i.GPIO_Init)
    GPIO_PinAFConfig                         0x08000c03   Thumb Code    32  stm32f0xx_gpio.o(i.GPIO_PinAFConfig)
    GPIO_ResetBits                           0x08000c23   Thumb Code     4  stm32f0xx_gpio.o(i.GPIO_ResetBits)
    GPIO_SetBits                             0x08000c27   Thumb Code     4  stm32f0xx_gpio.o(i.GPIO_SetBits)
    HardFault_Handler                        0x08000c2b   Thumb Code     2  stm32f0xx_it.o(i.HardFault_Handler)
    I2C_Cmd                                  0x08000c2d   Thumb Code    20  stm32f0xx_i2c.o(i.I2C_Cmd)
    I2C_GetFlagStatus                        0x08000c41   Thumb Code    14  stm32f0xx_i2c.o(i.I2C_GetFlagStatus)
    I2C_Init                                 0x08000c51   Thumb Code    92  stm32f0xx_i2c.o(i.I2C_Init)
    I2C_ReadBytes                            0x08000cb5   Thumb Code   150  i2c_libary.o(i.I2C_ReadBytes)
    I2C_ReceiveData                          0x08000d4b   Thumb Code     6  stm32f0xx_i2c.o(i.I2C_ReceiveData)
    I2C_SendData                             0x08000d51   Thumb Code     4  stm32f0xx_i2c.o(i.I2C_SendData)
    I2C_TransferHandling                     0x08000d55   Thumb Code    28  stm32f0xx_i2c.o(i.I2C_TransferHandling)
    I2C_Wait_Flag                            0x08000d75   Thumb Code    36  i2c_libary.o(i.I2C_Wait_Flag)
    I2C_WriteByte                            0x08000d99   Thumb Code    78  i2c_libary.o(i.I2C_WriteByte)
    I2C_WriteRegBytes                        0x08000ded   Thumb Code   116  i2c_libary.o(i.I2C_WriteRegBytes)
    InitSystem                               0x08000f69   Thumb Code   186  bsp.o(i.InitSystem)
    Init_MPU9250                             0x08001031   Thumb Code   172  mpu9250.o(i.Init_MPU9250)
    LCD_E_Str                                0x080010e1   Thumb Code   108  5110.o(i.LCD_E_Str)
    LCD_Set_XY                               0x08001155   Thumb Code    28  5110.o(i.LCD_Set_XY)
    LCD_clear                                0x08001171   Thumb Code    96  5110.o(i.LCD_clear)
    LCD_init                                 0x080011d5   Thumb Code   122  5110.o(i.LCD_init)
    LCD_write_byte                           0x08001259   Thumb Code    84  5110.o(i.LCD_write_byte)
    MPU6050_TimerInit                        0x080012b1   Thumb Code    26  bsp.o(i.MPU6050_TimerInit)
    MPU9250_Calibration                      0x080012d5   Thumb Code   116  mpu9250.o(i.MPU9250_Calibration)
    MPU9250_Read                             0x08001355   Thumb Code   132  mpu9250.o(i.MPU9250_Read)
    MPU9250_Read_Pre                         0x080013e5   Thumb Code    26  mpu9250.o(i.MPU9250_Read_Pre)
    MSE5611_Config                           0x08001405   Thumb Code   168  mse5611.o(i.MSE5611_Config)
    Mahony_Init                              0x080014b9   Thumb Code    44  mahonyahrs.o(i.Mahony_Init)
    Mahony_computeAngles                     0x080014e9   Thumb Code   186  mahonyahrs.o(i.Mahony_computeAngles)
    Mahony_invSqrt                           0x080015a9   Thumb Code    80  mahonyahrs.o(i.Mahony_invSqrt)
    Mahony_update                            0x080015fd   Thumb Code  1412  mahonyahrs.o(i.Mahony_update)
    NMI_Handler                              0x08001b85   Thumb Code     2  stm32f0xx_it.o(i.NMI_Handler)
    PWM_Config                               0x08001b89   Thumb Code   286  bsp.o(i.PWM_Config)
    PendSV_Handler                           0x08001ccd   Thumb Code     2  stm32f0xx_it.o(i.PendSV_Handler)
    Pressure_Caculate                        0x08001cd1   Thumb Code   350  mse5611.o(i.Pressure_Caculate)
    RCC_AHBPeriphClockCmd                    0x08001e59   Thumb Code    18  stm32f0xx_rcc.o(i.RCC_AHBPeriphClockCmd)
    RCC_APB1PeriphClockCmd                   0x08001e71   Thumb Code    18  stm32f0xx_rcc.o(i.RCC_APB1PeriphClockCmd)
    RCC_APB2PeriphClockCmd                   0x08001e89   Thumb Code    18  stm32f0xx_rcc.o(i.RCC_APB2PeriphClockCmd)
    RCC_I2CCLKConfig                         0x08001ea1   Thumb Code    18  stm32f0xx_rcc.o(i.RCC_I2CCLKConfig)
    ReadPressure                             0x08001eb9   Thumb Code    24  mse5611.o(i.ReadPressure)
    ReadPressure_Pre                         0x08001ed9   Thumb Code    14  mse5611.o(i.ReadPressure_Pre)
    ReadTemp                                 0x08001eed   Thumb Code    24  mse5611.o(i.ReadTemp)
    ReadTemp_Pre                             0x08001f0d   Thumb Code    14  mse5611.o(i.ReadTemp_Pre)
    Reset_MSE5611                            0x08001f21   Thumb Code    20  mse5611.o(i.Reset_MSE5611)
    SPI_Cmd                                  0x08001f39   Thumb Code    18  stm32f0xx_spi.o(i.SPI_Cmd)
    SPI_I2S_GetFlagStatus                    0x08001f4b   Thumb Code    14  stm32f0xx_spi.o(i.SPI_I2S_GetFlagStatus)
    SPI_Init                                 0x08001f59   Thumb Code    74  stm32f0xx_spi.o(i.SPI_Init)
    SPI_RxFIFOThresholdConfig                0x08001fad   Thumb Code    16  stm32f0xx_spi.o(i.SPI_RxFIFOThresholdConfig)
    SPI_SendData8                            0x08001fc1   Thumb Code     4  stm32f0xx_spi.o(i.SPI_SendData8)
    SVC_Handler                              0x08001fc5   Thumb Code     2  stm32f0xx_it.o(i.SVC_Handler)
    Sensor_Read                              0x08001fc9   Thumb Code   194  main.o(i.Sensor_Read)
    Single_Read_Temp                         0x08002139   Thumb Code    18  mse5611.o(i.Single_Read_Temp)
    SysTick_Handler                          0x0800214b   Thumb Code     2  stm32f0xx_it.o(i.SysTick_Handler)
    SystemInit                               0x0800214d   Thumb Code    84  system_stm32f0xx.o(i.SystemInit)
    TIM_Cmd                                  0x080021ad   Thumb Code    20  stm32f0xx_tim.o(i.TIM_Cmd)
    TIM_CtrlPWMOutputs                       0x080021c1   Thumb Code    24  stm32f0xx_tim.o(i.TIM_CtrlPWMOutputs)
    TIM_OC1Init                              0x080021d9   Thumb Code   104  stm32f0xx_tim.o(i.TIM_OC1Init)
    TIM_OC2Init                              0x08002255   Thumb Code   124  stm32f0xx_tim.o(i.TIM_OC2Init)
    TIM_OC3Init                              0x080022e5   Thumb Code   110  stm32f0xx_tim.o(i.TIM_OC3Init)
    TIM_OC4Init                              0x0800236d   Thumb Code    78  stm32f0xx_tim.o(i.TIM_OC4Init)
    TIM_TimeBaseInit                         0x080023d1   Thumb Code    88  stm32f0xx_tim.o(i.TIM_TimeBaseInit)
    __0sprintf                               0x08002445   Thumb Code    36  printfa.o(i.__0sprintf)
    __1sprintf                               0x08002445   Thumb Code     0  printfa.o(i.__0sprintf)
    __2sprintf                               0x08002445   Thumb Code     0  printfa.o(i.__0sprintf)
    __c89sprintf                             0x08002445   Thumb Code     0  printfa.o(i.__0sprintf)
    sprintf                                  0x08002445   Thumb Code     0  printfa.o(i.__0sprintf)
    __ARM_clz                                0x0800246d   Thumb Code    46  depilogue.o(i.__ARM_clz)
    __ARM_fpclassify                         0x0800249d   Thumb Code    40  fpclassify.o(i.__ARM_fpclassify)
    __ARM_fpclassifyf                        0x080024c9   Thumb Code    34  fpclassifyf.o(i.__ARM_fpclassifyf)
    __kernel_poly                            0x080024eb   Thumb Code   172  poly.o(i.__kernel_poly)
    __mathlib_dbl_divzero                    0x08002599   Thumb Code    16  dunder.o(i.__mathlib_dbl_divzero)
    __mathlib_dbl_infnan2                    0x080025ad   Thumb Code     8  dunder.o(i.__mathlib_dbl_infnan2)
    __mathlib_dbl_invalid                    0x080025b5   Thumb Code    16  dunder.o(i.__mathlib_dbl_invalid)
    __mathlib_dbl_overflow                   0x080025c5   Thumb Code    16  dunder.o(i.__mathlib_dbl_overflow)
    __mathlib_dbl_underflow                  0x080025d9   Thumb Code    14  dunder.o(i.__mathlib_dbl_underflow)
    __mathlib_flt_infnan                     0x080025ed   Thumb Code    10  funder.o(i.__mathlib_flt_infnan)
    __mathlib_flt_infnan2                    0x080025f7   Thumb Code     8  funder.o(i.__mathlib_flt_infnan2)
    __mathlib_flt_invalid                    0x080025ff   Thumb Code    12  funder.o(i.__mathlib_flt_invalid)
    __mathlib_flt_underflow                  0x0800260b   Thumb Code    14  funder.o(i.__mathlib_flt_underflow)
    __scatterload_copy                       0x08002619   Thumb Code    14  handlers.o(i.__scatterload_copy)
    __scatterload_null                       0x08002627   Thumb Code     2  handlers.o(i.__scatterload_null)
    __scatterload_zeroinit                   0x08002629   Thumb Code    14  handlers.o(i.__scatterload_zeroinit)
    __set_errno                              0x08002639   Thumb Code     6  errno.o(i.__set_errno)
    asinf                                    0x08002ee1   Thumb Code   242  asinf.o(i.asinf)
    atan2f                                   0x08002ff9   Thumb Code   526  atan2f.o(i.atan2f)
    delay_1us                                0x08003255   Thumb Code    10  5110.o(i.delay_1us)
    delay_ms                                 0x08003261   Thumb Code    40  bsp.o(i.delay_ms)
    getPitch                                 0x0800328d   Thumb Code    24  mahonyahrs.o(i.getPitch)
    getRoll                                  0x080032ad   Thumb Code    24  mahonyahrs.o(i.getRoll)
    getYaw                                   0x080032cd   Thumb Code    30  mahonyahrs.o(i.getYaw)
    main                                     0x080032f9   Thumb Code   174  main.o(i.main)
    pow                                      0x080033b9   Thumb Code  2548  pow.o(i.pow)
    sqrt                                     0x08003db5   Thumb Code    66  sqrt.o(i.sqrt)
    sqrtf                                    0x08003dfd   Thumb Code    44  sqrtf.o(i.sqrtf)
    LCD_Config                               0x08003e28   Data           6  5110.o(.constdata)
    font6x8                                  0x08003e2e   Data         552  5110.o(.constdata)
    __mathlib_zero                           0x080040e0   Data           8  qnan.o(.constdata)
    Region$$Table$$Base                      0x080040e8   Number         0  anon$$obj.o(Region$$Table)
    Region$$Table$$Limit                     0x08004108   Number         0  anon$$obj.o(Region$$Table)
    SystemCoreClock                          0x20000000   Data           4  system_stm32f0xx.o(.data)
    AHBPrescTable                            0x20000004   Data          16  system_stm32f0xx.o(.data)
    Current_Slave_Addr                       0x20000014   Data           2  i2c_libary.o(.data)
    Reserve                                  0x20000018   Data           2  mse5611.o(.data)
    MSE5611_CRC                              0x2000001a   Data           2  mse5611.o(.data)
    Temp                                     0x2000001c   Data           4  mse5611.o(.data)
    P                                        0x20000020   Data           4  mse5611.o(.data)
    Height                                   0x20000024   Data           4  mse5611.o(.data)
    D                                        0x20000028   Data           8  mse5611.o(.data)
    anglesComputed                           0x20000030   Data           1  mahonyahrs.o(.data)
    twoKi                                    0x20000034   Data           4  mahonyahrs.o(.data)
    q0                                       0x20000038   Data           4  mahonyahrs.o(.data)
    q1                                       0x2000003c   Data           4  mahonyahrs.o(.data)
    q2                                       0x20000040   Data           4  mahonyahrs.o(.data)
    q3                                       0x20000044   Data           4  mahonyahrs.o(.data)
    integralFBx                              0x20000048   Data           4  mahonyahrs.o(.data)
    integralFBy                              0x2000004c   Data           4  mahonyahrs.o(.data)
    integralFBz                              0x20000050   Data           4  mahonyahrs.o(.data)
    invSampleFreq                            0x20000054   Data           4  mahonyahrs.o(.data)
    roll                                     0x20000058   Data           4  mahonyahrs.o(.data)
    pitch                                    0x2000005c   Data           4  mahonyahrs.o(.data)
    yaw                                      0x20000060   Data           4  mahonyahrs.o(.data)
    Mag_Offset                               0x20000064   Data           3  mpu9250.o(.data)
    Acc                                      0x20000068   Data           6  mpu9250.o(.data)
    GYO                                      0x2000006e   Data           6  mpu9250.o(.data)
    Mag                                      0x20000074   Data           6  mpu9250.o(.data)
    C                                        0x20000080   Data          12  mse5611.o(.bss)
    Gyo_Offset                               0x2000008c   Data          12  mpu9250.o(.bss)
    __initial_sp                             0x20000498   Data           0  startup_stm32f0xx.o(STACK)



==============================================================================

Memory Map of the image

  Image Entry point : 0x080000c1

  Load Region LR_IROM1 (Base: 0x08000000, Size: 0x00004188, Max: 0x00010000, ABSOLUTE)

    Execution Region ER_IROM1 (Base: 0x08000000, Size: 0x00004108, Max: 0x00010000, ABSOLUTE)

    Base Addr    Size         Type   Attr      Idx    E Section Name        Object

    0x08000000   0x000000c0   Data   RO         1767    RESET               startup_stm32f0xx.o
    0x080000c0   0x00000000   Code   RO         2037  * .ARM.Collect$$$$00000000  mc_p.l(entry.o)
    0x080000c0   0x00000004   Code   RO         2378    .ARM.Collect$$$$00000001  mc_p.l(entry2.o)
    0x080000c4   0x00000004   Code   RO         2381    .ARM.Collect$$$$00000004  mc_p.l(entry5.o)
    0x080000c8   0x00000000   Code   RO         2383    .ARM.Collect$$$$00000008  mc_p.l(entry7b.o)
    0x080000c8   0x00000000   Code   RO         2385    .ARM.Collect$$$$0000000A  mc_p.l(entry8b.o)
    0x080000c8   0x00000008   Code   RO         2386    .ARM.Collect$$$$0000000B  mc_p.l(entry9a.o)
    0x080000d0   0x00000000   Code   RO         2388    .ARM.Collect$$$$0000000D  mc_p.l(entry10a.o)
    0x080000d0   0x00000000   Code   RO         2390    .ARM.Collect$$$$0000000F  mc_p.l(entry11a.o)
    0x080000d0   0x00000004   Code   RO         2379    .ARM.Collect$$$$00002712  mc_p.l(entry2.o)
    0x080000d4   0x00000058   Code   RO         1768    .text               startup_stm32f0xx.o
    0x0800012c   0x0000002c   Code   RO         2040    .text               mc_p.l(uidiv.o)
    0x08000158   0x00000028   Code   RO         2042    .text               mc_p.l(idiv.o)
    0x08000180   0x0000007a   Code   RO         2044    .text               mc_p.l(llmul.o)
    0x080001fa   0x000000b2   Code   RO         2307    .text               mf_p.l(fadd.o)
    0x080002ac   0x0000007a   Code   RO         2309    .text               mf_p.l(fmul.o)
    0x08000326   0x0000007c   Code   RO         2311    .text               mf_p.l(fdiv.o)
    0x080003a2   0x00000018   Code   RO         2313    .text               mf_p.l(fscalb.o)
    0x080003ba   0x00000002   PAD
    0x080003bc   0x00000164   Code   RO         2315    .text               mf_p.l(dadd.o)
    0x08000520   0x000000d0   Code   RO         2317    .text               mf_p.l(dmul.o)
    0x080005f0   0x000000f0   Code   RO         2319    .text               mf_p.l(ddiv.o)
    0x080006e0   0x0000002c   Code   RO         2321    .text               mf_p.l(dscalb.o)
    0x0800070c   0x00000016   Code   RO         2323    .text               mf_p.l(fflti.o)
    0x08000722   0x00000002   PAD
    0x08000724   0x00000028   Code   RO         2325    .text               mf_p.l(dflti.o)
    0x0800074c   0x0000001c   Code   RO         2327    .text               mf_p.l(dfltui.o)
    0x08000768   0x0000003c   Code   RO         2329    .text               mf_p.l(dfixui.o)
    0x080007a4   0x00000028   Code   RO         2331    .text               mf_p.l(f2d.o)
    0x080007cc   0x00000038   Code   RO         2333    .text               mf_p.l(d2f.o)
    0x08000804   0x00000060   Code   RO         2395    .text               mc_p.l(uldiv.o)
    0x08000864   0x00000020   Code   RO         2397    .text               mc_p.l(llshl.o)
    0x08000884   0x00000022   Code   RO         2399    .text               mc_p.l(llushr.o)
    0x080008a6   0x00000026   Code   RO         2401    .text               mc_p.l(llsshr.o)
    0x080008cc   0x00000000   Code   RO         2410    .text               mc_p.l(iusefp.o)
    0x080008cc   0x00000082   Code   RO         2411    .text               mf_p.l(fepilogue.o)
    0x0800094e   0x00000058   Code   RO         2413    .text               mf_p.l(fsqrt.o)
    0x080009a6   0x000000be   Code   RO         2415    .text               mf_p.l(depilogue.o)
    0x08000a64   0x00000040   Code   RO         2419    .text               mf_p.l(dfixul.o)
    0x08000aa4   0x00000028   Code   RO         2421    .text               mf_p.l(cdrcmple.o)
    0x08000acc   0x00000024   Code   RO         2423    .text               mc_p.l(init.o)
    0x08000af0   0x000000a2   Code   RO         2427    .text               mf_p.l(dsqrt.o)
    0x08000b92   0x00000070   Code   RO          309    i.GPIO_Init         stm32f0xx_gpio.o
    0x08000c02   0x00000020   Code   RO          310    i.GPIO_PinAFConfig  stm32f0xx_gpio.o
    0x08000c22   0x00000004   Code   RO          316    i.GPIO_ResetBits    stm32f0xx_gpio.o
    0x08000c26   0x00000004   Code   RO          317    i.GPIO_SetBits      stm32f0xx_gpio.o
    0x08000c2a   0x00000002   Code   RO          105    i.HardFault_Handler  stm32f0xx_it.o
    0x08000c2c   0x00000014   Code   RO          756    i.I2C_Cmd           stm32f0xx_i2c.o
    0x08000c40   0x0000000e   Code   RO          765    i.I2C_GetFlagStatus  stm32f0xx_i2c.o
    0x08000c4e   0x00000002   PAD
    0x08000c50   0x00000064   Code   RO          771    i.I2C_Init          stm32f0xx_i2c.o
    0x08000cb4   0x00000096   Code   RO          251    i.I2C_ReadBytes     i2c_libary.o
    0x08000d4a   0x00000006   Code   RO          777    i.I2C_ReceiveData   stm32f0xx_i2c.o
    0x08000d50   0x00000004   Code   RO          780    i.I2C_SendData      stm32f0xx_i2c.o
    0x08000d54   0x00000020   Code   RO          789    i.I2C_TransferHandling  stm32f0xx_i2c.o
    0x08000d74   0x00000024   Code   RO          252    i.I2C_Wait_Flag     i2c_libary.o
    0x08000d98   0x00000054   Code   RO          253    i.I2C_WriteByte     i2c_libary.o
    0x08000dec   0x00000074   Code   RO          254    i.I2C_WriteRegBytes  i2c_libary.o
    0x08000e60   0x00000108   Code   RO          190    i.InitGPIO          bsp.o
    0x08000f68   0x000000c8   Code   RO          191    i.InitSystem        bsp.o
    0x08001030   0x000000b0   Code   RO         1960    i.Init_MPU9250      mpu9250.o
    0x080010e0   0x00000074   Code   RO         1774    i.LCD_E_Str         5110.o
    0x08001154   0x0000001c   Code   RO         1775    i.LCD_Set_XY        5110.o
    0x08001170   0x00000064   Code   RO         1776    i.LCD_clear         5110.o
    0x080011d4   0x00000084   Code   RO         1777    i.LCD_init          5110.o
    0x08001258   0x00000058   Code   RO         1778    i.LCD_write_byte    5110.o
    0x080012b0   0x00000024   Code   RO          192    i.MPU6050_TimerInit  bsp.o
    0x080012d4   0x00000080   Code   RO         1961    i.MPU9250_Calibration  mpu9250.o
    0x08001354   0x00000090   Code   RO         1962    i.MPU9250_Read      mpu9250.o
    0x080013e4   0x00000020   Code   RO         1963    i.MPU9250_Read_Pre  mpu9250.o
    0x08001404   0x000000b4   Code   RO         1835    i.MSE5611_Config    mse5611.o
    0x080014b8   0x00000030   Code   RO         1904    i.Mahony_Init       mahonyahrs.o
    0x080014e8   0x000000c0   Code   RO         1905    i.Mahony_computeAngles  mahonyahrs.o
    0x080015a8   0x00000054   Code   RO         1906    i.Mahony_invSqrt    mahonyahrs.o
    0x080015fc   0x00000588   Code   RO         1907    i.Mahony_update     mahonyahrs.o
    0x08001b84   0x00000002   Code   RO          106    i.NMI_Handler       stm32f0xx_it.o
    0x08001b86   0x00000002   PAD
    0x08001b88   0x00000144   Code   RO          193    i.PWM_Config        bsp.o
    0x08001ccc   0x00000002   Code   RO          107    i.PendSV_Handler    stm32f0xx_it.o
    0x08001cce   0x00000002   PAD
    0x08001cd0   0x00000188   Code   RO         1836    i.Pressure_Caculate  mse5611.o
    0x08001e58   0x00000018   Code   RO          401    i.RCC_AHBPeriphClockCmd  stm32f0xx_rcc.o
    0x08001e70   0x00000018   Code   RO          403    i.RCC_APB1PeriphClockCmd  stm32f0xx_rcc.o
    0x08001e88   0x00000018   Code   RO          405    i.RCC_APB2PeriphClockCmd  stm32f0xx_rcc.o
    0x08001ea0   0x00000018   Code   RO          425    i.RCC_I2CCLKConfig  stm32f0xx_rcc.o
    0x08001eb8   0x00000020   Code   RO         1837    i.ReadPressure      mse5611.o
    0x08001ed8   0x00000014   Code   RO         1838    i.ReadPressure_Pre  mse5611.o
    0x08001eec   0x00000020   Code   RO         1839    i.ReadTemp          mse5611.o
    0x08001f0c   0x00000014   Code   RO         1840    i.ReadTemp_Pre      mse5611.o
    0x08001f20   0x00000018   Code   RO         1841    i.Reset_MSE5611     mse5611.o
    0x08001f38   0x00000012   Code   RO         1020    i.SPI_Cmd           stm32f0xx_spi.o
    0x08001f4a   0x0000000e   Code   RO         1029    i.SPI_I2S_GetFlagStatus  stm32f0xx_spi.o
    0x08001f58   0x00000054   Code   RO         1034    i.SPI_Init          stm32f0xx_spi.o
    0x08001fac   0x00000014   Code   RO         1039    i.SPI_RxFIFOThresholdConfig  stm32f0xx_spi.o
    0x08001fc0   0x00000004   Code   RO         1041    i.SPI_SendData8     stm32f0xx_spi.o
    0x08001fc4   0x00000002   Code   RO          108    i.SVC_Handler       stm32f0xx_it.o
    0x08001fc6   0x00000002   PAD
    0x08001fc8   0x000000d8   Code   RO            3    i.Sensor_Read       main.o
    0x080020a0   0x00000098   Code   RO          152    i.SetSysClock       system_stm32f0xx.o
    0x08002138   0x00000012   Code   RO         1843    i.Single_Read_Temp  mse5611.o
    0x0800214a   0x00000002   Code   RO          109    i.SysTick_Handler   stm32f0xx_it.o
    0x0800214c   0x00000060   Code   RO          154    i.SystemInit        system_stm32f0xx.o
    0x080021ac   0x00000014   Code   RO         1228    i.TIM_Cmd           stm32f0xx_tim.o
    0x080021c0   0x00000018   Code   RO         1230    i.TIM_CtrlPWMOutputs  stm32f0xx_tim.o
    0x080021d8   0x0000007c   Code   RO         1257    i.TIM_OC1Init       stm32f0xx_tim.o
    0x08002254   0x00000090   Code   RO         1262    i.TIM_OC2Init       stm32f0xx_tim.o
    0x080022e4   0x00000088   Code   RO         1267    i.TIM_OC3Init       stm32f0xx_tim.o
    0x0800236c   0x00000064   Code   RO         1272    i.TIM_OC4Init       stm32f0xx_tim.o
    0x080023d0   0x00000074   Code   RO         1301    i.TIM_TimeBaseInit  stm32f0xx_tim.o
    0x08002444   0x00000028   Code   RO         2281    i.__0sprintf        mc_p.l(printfa.o)
    0x0800246c   0x0000002e   Code   RO         2417    i.__ARM_clz         mf_p.l(depilogue.o)
    0x0800249a   0x00000002   PAD
    0x0800249c   0x0000002c   Code   RO         2349    i.__ARM_fpclassify  m_ps.l(fpclassify.o)
    0x080024c8   0x00000022   Code   RO         2351    i.__ARM_fpclassifyf  m_ps.l(fpclassifyf.o)
    0x080024ea   0x000000ac   Code   RO         2367    i.__kernel_poly     m_ps.l(poly.o)
    0x08002596   0x00000002   PAD
    0x08002598   0x00000014   Code   RO         2335    i.__mathlib_dbl_divzero  m_ps.l(dunder.o)
    0x080025ac   0x00000008   Code   RO         2337    i.__mathlib_dbl_infnan2  m_ps.l(dunder.o)
    0x080025b4   0x00000010   Code   RO         2338    i.__mathlib_dbl_invalid  m_ps.l(dunder.o)
    0x080025c4   0x00000014   Code   RO         2339    i.__mathlib_dbl_overflow  m_ps.l(dunder.o)
    0x080025d8   0x00000014   Code   RO         2341    i.__mathlib_dbl_underflow  m_ps.l(dunder.o)
    0x080025ec   0x0000000a   Code   RO         2354    i.__mathlib_flt_infnan  m_ps.l(funder.o)
    0x080025f6   0x00000008   Code   RO         2355    i.__mathlib_flt_infnan2  m_ps.l(funder.o)
    0x080025fe   0x0000000c   Code   RO         2356    i.__mathlib_flt_invalid  m_ps.l(funder.o)
    0x0800260a   0x0000000e   Code   RO         2359    i.__mathlib_flt_underflow  m_ps.l(funder.o)
    0x08002618   0x0000000e   Code   RO         2433    i.__scatterload_copy  mc_p.l(handlers.o)
    0x08002626   0x00000002   Code   RO         2434    i.__scatterload_null  mc_p.l(handlers.o)
    0x08002628   0x0000000e   Code   RO         2435    i.__scatterload_zeroinit  mc_p.l(handlers.o)
    0x08002636   0x00000002   PAD
    0x08002638   0x0000000c   Code   RO         2405    i.__set_errno       mc_p.l(errno.o)
    0x08002644   0x00000158   Code   RO         2286    i._fp_digits        mc_p.l(printfa.o)
    0x0800279c   0x000006ec   Code   RO         2287    i._printf_core      mc_p.l(printfa.o)
    0x08002e88   0x00000020   Code   RO         2288    i._printf_post_padding  mc_p.l(printfa.o)
    0x08002ea8   0x0000002c   Code   RO         2289    i._printf_pre_padding  mc_p.l(printfa.o)
    0x08002ed4   0x0000000a   Code   RO         2291    i._sputc            mc_p.l(printfa.o)
    0x08002ede   0x00000002   PAD
    0x08002ee0   0x00000118   Code   RO         2004    i.asinf             m_ps.l(asinf.o)
    0x08002ff8   0x0000025c   Code   RO         2012    i.atan2f            m_ps.l(atan2f.o)
    0x08003254   0x0000000a   Code   RO         1780    i.delay_1us         5110.o
    0x0800325e   0x00000002   PAD
    0x08003260   0x0000002c   Code   RO          194    i.delay_ms          bsp.o
    0x0800328c   0x00000020   Code   RO         1908    i.getPitch          mahonyahrs.o
    0x080032ac   0x00000020   Code   RO         1909    i.getRoll           mahonyahrs.o
    0x080032cc   0x0000002c   Code   RO         1910    i.getYaw            mahonyahrs.o
    0x080032f8   0x000000c0   Code   RO            4    i.main              main.o
    0x080033b8   0x000009fc   Code   RO         2020    i.pow               m_ps.l(pow.o)
    0x08003db4   0x00000048   Code   RO         2371    i.sqrt              m_ps.l(sqrt.o)
    0x08003dfc   0x0000002c   Code   RO         2030    i.sqrtf             m_ps.l(sqrtf.o)
    0x08003e28   0x0000022e   Data   RO         1781    .constdata          5110.o
    0x08004056   0x00000002   PAD
    0x08004058   0x00000088   Data   RO         2021    .constdata          m_ps.l(pow.o)
    0x080040e0   0x00000008   Data   RO         2369    .constdata          m_ps.l(qnan.o)
    0x080040e8   0x00000020   Data   RO         2431    Region$$Table       anon$$obj.o


    Execution Region RW_IRAM1 (Base: 0x20000000, Size: 0x00000498, Max: 0x00002000, ABSOLUTE)

    Base Addr    Size         Type   Attr      Idx    E Section Name        Object

    0x20000000   0x00000014   Data   RW          155    .data               system_stm32f0xx.o
    0x20000014   0x00000002   Data   RW          257    .data               i2c_libary.o
    0x20000016   0x00000002   PAD
    0x20000018   0x00000018   Data   RW         1845    .data               mse5611.o
    0x20000030   0x00000034   Data   RW         1911    .data               mahonyahrs.o
    0x20000064   0x00000016   Data   RW         1965    .data               mpu9250.o
    0x2000007a   0x00000002   PAD
    0x2000007c   0x00000004   Data   RW         2406    .data               mc_p.l(errno.o)
    0x20000080   0x0000000c   Zero   RW         1844    .bss                mse5611.o
    0x2000008c   0x0000000c   Zero   RW         1964    .bss                mpu9250.o
    0x20000098   0x00000400   Zero   RW         1765    STACK               startup_stm32f0xx.o


==============================================================================

Image component sizes


      Code (inc. data)   RO Data    RW Data    ZI Data      Debug   Object Name

       474         26        558          0          0       3684   5110.o
       868         72          0          0          0       3017   bsp.o
       386          6          0          2          0       4007   i2c_libary.o
      1848         60          0         52          0       4604   mahonyahrs.o
       408         40          0          0          0     202705   main.o
       480         34          0         22         12       3203   mpu9250.o
       718         86          0         24         12       4824   mse5611.o
        88         38        192          0       1024        608   startup_stm32f0xx.o
       152          0          0          0          0       2555   stm32f0xx_gpio.o
       176         12          0          0          0       3789   stm32f0xx_i2c.o
        10          0          0          0          0       1959   stm32f0xx_it.o
        96         24          0          0          0       2065   stm32f0xx_rcc.o
       140         14          0          0          0       3125   stm32f0xx_spi.o
       664        116          0          0          0       5501   stm32f0xx_tim.o
       248         22          0         20          0       1589   system_stm32f0xx.o

    ----------------------------------------------------------------------
      6766        550        784        124       1048     247235   Object Totals
         0          0         32          0          0          0   (incl. Generated)
        10          0          2          4          0          0   (incl. Padding)

    ----------------------------------------------------------------------

      Code (inc. data)   RO Data    RW Data    ZI Data      Debug   Library Member Name

       280         38          0          0          0         76   asinf.o
       604         78          0          0          0        120   atan2f.o
        84         14          0          0          0        340   dunder.o
        44          4          0          0          0         60   fpclassify.o
        34          0          0          0          0         60   fpclassifyf.o
        44          0          0          0          0        272   funder.o
       172          0          0          0          0         76   poly.o
      2556        196        136          0          0        240   pow.o
         0          0          8          0          0          0   qnan.o
        72          6          0          0          0         76   sqrt.o
        44          0          0          0          0         72   sqrtf.o
         0          0          0          0          0          0   entry.o
         0          0          0          0          0          0   entry10a.o
         0          0          0          0          0          0   entry11a.o
         8          4          0          0          0          0   entry2.o
         4          0          0          0          0          0   entry5.o
         0          0          0          0          0          0   entry7b.o
         0          0          0          0          0          0   entry8b.o
         8          4          0          0          0          0   entry9a.o
        12          6          0          4          0         60   errno.o
        30          0          0          0          0          0   handlers.o
        40          0          0          0          0         72   idiv.o
        36          8          0          0          0         68   init.o
         0          0          0          0          0          0   iusefp.o
       122          0          0          0          0         84   llmul.o
        32          0          0          0          0         68   llshl.o
        38          0          0          0          0         68   llsshr.o
        34          0          0          0          0         68   llushr.o
      2242         94          0          0          0        472   printfa.o
        44          0          0          0          0         72   uidiv.o
        96          0          0          0          0         84   uldiv.o
        40          2          0          0          0         68   cdrcmple.o
        56          0          0          0          0         68   d2f.o
       356          4          0          0          0        140   dadd.o
       240          6          0          0          0         84   ddiv.o
       236          0          0          0          0        216   depilogue.o
        60         10          0          0          0         68   dfixui.o
        64         10          0          0          0         68   dfixul.o
        40          6          0          0          0         68   dflti.o
        28          4          0          0          0         68   dfltui.o
       208          6          0          0          0         88   dmul.o
        44          0          0          0          0         72   dscalb.o
       162          0          0          0          0         80   dsqrt.o
        40          0          0          0          0         60   f2d.o
       178          0          0          0          0        108   fadd.o
       124          0          0          0          0         72   fdiv.o
       130          0          0          0          0        144   fepilogue.o
        22          0          0          0          0         68   fflti.o
       122          0          0          0          0         72   fmul.o
        24          0          0          0          0         60   fscalb.o
        88          0          0          0          0         72   fsqrt.o

    ----------------------------------------------------------------------
      8954        500        144          4          0       4252   Library Totals
        12          0          0          0          0          0   (incl. Padding)

    ----------------------------------------------------------------------

      Code (inc. data)   RO Data    RW Data    ZI Data      Debug   Library Name

      3934        336        144          0          0       1392   m_ps.l
      2746        116          0          4          0       1116   mc_p.l
      2262         48          0          0          0       1744   mf_p.l

    ----------------------------------------------------------------------
      8954        500        144          4          0       4252   Library Totals

    ----------------------------------------------------------------------

==============================================================================


      Code (inc. data)   RO Data    RW Data    ZI Data      Debug   

     15720       1050        928        128       1048     246483   Grand Totals
     15720       1050        928        128       1048     246483   ELF Image Totals
     15720       1050        928        128          0          0   ROM Totals

==============================================================================

    Total RO  Size (Code + RO Data)                16648 (  16.26kB)
    Total RW  Size (RW Data + ZI Data)              1176 (   1.15kB)
    Total ROM Size (Code + RO Data + RW Data)      16776 (  16.38kB)

==============================================================================

